Archive member included to satisfy reference by file (symbol)

c:/program files (x86)/atmel/studio/7.0/toolchain/arm/arm-gnu-toolchain/bin/../lib/gcc/arm-none-eabi/6.3.1/thumb/v7e-m\libgcc.a(_arm_addsubdf3.o)
                              src/main.o (__aeabi_dsub)
c:/program files (x86)/atmel/studio/7.0/toolchain/arm/arm-gnu-toolchain/bin/../lib/gcc/arm-none-eabi/6.3.1/thumb/v7e-m\libgcc.a(_arm_muldivdf3.o)
                              src/ping_pong_buffer.o (__aeabi_dmul)
c:/program files (x86)/atmel/studio/7.0/toolchain/arm/arm-gnu-toolchain/bin/../lib/gcc/arm-none-eabi/6.3.1/thumb/v7e-m\libgcc.a(_arm_fixdfsi.o)
                              src/main.o (__aeabi_d2iz)
c:/program files (x86)/atmel/studio/7.0/toolchain/arm/arm-gnu-toolchain/bin/../lib/gcc/arm-none-eabi/6.3.1/thumb/v7e-m\libgcc.a(_arm_fixunsdfsi.o)
                              src/ping_pong_buffer.o (__aeabi_d2uiz)
c:/program files (x86)/atmel/studio/7.0/toolchain/arm/arm-gnu-toolchain/bin/../lib/gcc/arm-none-eabi/6.3.1/../../../../arm-none-eabi/lib/thumb/v7e-m\libc.a(lib_a-exit.o)
                              c:/program files (x86)/atmel/studio/7.0/toolchain/arm/arm-gnu-toolchain/bin/../lib/gcc/arm-none-eabi/6.3.1/../../../../arm-none-eabi/lib/thumb/v7e-m/crt0.o (exit)
c:/program files (x86)/atmel/studio/7.0/toolchain/arm/arm-gnu-toolchain/bin/../lib/gcc/arm-none-eabi/6.3.1/../../../../arm-none-eabi/lib/thumb/v7e-m\libc.a(lib_a-impure.o)
                              c:/program files (x86)/atmel/studio/7.0/toolchain/arm/arm-gnu-toolchain/bin/../lib/gcc/arm-none-eabi/6.3.1/../../../../arm-none-eabi/lib/thumb/v7e-m\libc.a(lib_a-exit.o) (_global_impure_ptr)
c:/program files (x86)/atmel/studio/7.0/toolchain/arm/arm-gnu-toolchain/bin/../lib/gcc/arm-none-eabi/6.3.1/../../../../arm-none-eabi/lib/thumb/v7e-m\libc.a(lib_a-init.o)
                              c:/program files (x86)/atmel/studio/7.0/toolchain/arm/arm-gnu-toolchain/bin/../lib/gcc/arm-none-eabi/6.3.1/../../../../arm-none-eabi/lib/thumb/v7e-m/crt0.o (__libc_init_array)
c:/program files (x86)/atmel/studio/7.0/toolchain/arm/arm-gnu-toolchain/bin/../lib/gcc/arm-none-eabi/6.3.1/../../../../arm-none-eabi/lib/thumb/v7e-m\libc.a(lib_a-iprintf.o)
                              src/main.o (iprintf)
c:/program files (x86)/atmel/studio/7.0/toolchain/arm/arm-gnu-toolchain/bin/../lib/gcc/arm-none-eabi/6.3.1/../../../../arm-none-eabi/lib/thumb/v7e-m\libc.a(lib_a-memcpy.o)
                              src/ASF/thirdparty/freertos/freertos-7.3.0/source/queue.o (memcpy)
c:/program files (x86)/atmel/studio/7.0/toolchain/arm/arm-gnu-toolchain/bin/../lib/gcc/arm-none-eabi/6.3.1/../../../../arm-none-eabi/lib/thumb/v7e-m\libc.a(lib_a-memset.o)
                              c:/program files (x86)/atmel/studio/7.0/toolchain/arm/arm-gnu-toolchain/bin/../lib/gcc/arm-none-eabi/6.3.1/../../../../arm-none-eabi/lib/thumb/v7e-m/crt0.o (memset)
c:/program files (x86)/atmel/studio/7.0/toolchain/arm/arm-gnu-toolchain/bin/../lib/gcc/arm-none-eabi/6.3.1/../../../../arm-none-eabi/lib/thumb/v7e-m\libc.a(lib_a-puts.o)
                              src/main.o (puts)
c:/program files (x86)/atmel/studio/7.0/toolchain/arm/arm-gnu-toolchain/bin/../lib/gcc/arm-none-eabi/6.3.1/../../../../arm-none-eabi/lib/thumb/v7e-m\libc.a(lib_a-setbuf.o)
                              src/main.o (setbuf)
c:/program files (x86)/atmel/studio/7.0/toolchain/arm/arm-gnu-toolchain/bin/../lib/gcc/arm-none-eabi/6.3.1/../../../../arm-none-eabi/lib/thumb/v7e-m\libc.a(lib_a-setvbuf.o)
                              c:/program files (x86)/atmel/studio/7.0/toolchain/arm/arm-gnu-toolchain/bin/../lib/gcc/arm-none-eabi/6.3.1/../../../../arm-none-eabi/lib/thumb/v7e-m\libc.a(lib_a-setbuf.o) (setvbuf)
c:/program files (x86)/atmel/studio/7.0/toolchain/arm/arm-gnu-toolchain/bin/../lib/gcc/arm-none-eabi/6.3.1/../../../../arm-none-eabi/lib/thumb/v7e-m\libc.a(lib_a-sprintf.o)
                              src/ASF/thirdparty/freertos/freertos-7.3.0/source/tasks.o (sprintf)
c:/program files (x86)/atmel/studio/7.0/toolchain/arm/arm-gnu-toolchain/bin/../lib/gcc/arm-none-eabi/6.3.1/../../../../arm-none-eabi/lib/thumb/v7e-m\libc.a(lib_a-strcat.o)
                              src/ASF/thirdparty/freertos/freertos-7.3.0/source/tasks.o (strcat)
c:/program files (x86)/atmel/studio/7.0/toolchain/arm/arm-gnu-toolchain/bin/../lib/gcc/arm-none-eabi/6.3.1/../../../../arm-none-eabi/lib/thumb/v7e-m\libc.a(lib_a-strcpy.o)
                              c:/program files (x86)/atmel/studio/7.0/toolchain/arm/arm-gnu-toolchain/bin/../lib/gcc/arm-none-eabi/6.3.1/../../../../arm-none-eabi/lib/thumb/v7e-m\libc.a(lib_a-strcat.o) (strcpy)
c:/program files (x86)/atmel/studio/7.0/toolchain/arm/arm-gnu-toolchain/bin/../lib/gcc/arm-none-eabi/6.3.1/../../../../arm-none-eabi/lib/thumb/v7e-m\libc.a(lib_a-strlen.o)
                              src/ASF/thirdparty/freertos/freertos-7.3.0/source/FreeRTOS_CLI.o (strlen)
[...]
Memory Configuration

Name             Origin             Length             Attributes
rom              0x00400000         0x00200000         xr
ram              0x20400000         0x00060000         xrw
*default*        0x00000000         0xffffffff

Linker script and memory map

LOAD c:/program files (x86)/atmel/studio/7.0/toolchain/arm/arm-gnu-toolchain/bin/../lib/gcc/arm-none-eabi/6.3.1/thumb/v7e-m/crti.o
LOAD c:/program files (x86)/atmel/studio/7.0/toolchain/arm/arm-gnu-toolchain/bin/../lib/gcc/arm-none-eabi/6.3.1/thumb/v7e-m/crtbegin.o
LOAD c:/program files (x86)/atmel/studio/7.0/toolchain/arm/arm-gnu-toolchain/bin/../lib/gcc/arm-none-eabi/6.3.1/../../../../arm-none-eabi/lib/thumb/v7e-m/crt0.o
LOAD src/ASF/sam/drivers/dacc/dacc.o
LOAD src/ASF/thirdparty/freertos/freertos-7.3.0/source/FreeRTOS_CLI.o
LOAD src/ASF/thirdparty/freertos/freertos-7.3.0/source/list.o
LOAD src/ASF/thirdparty/freertos/freertos-7.3.0/source/portable/gcc/sam_cm4f/port.o
LOAD src/ASF/thirdparty/freertos/freertos-7.3.0/source/portable/memmang/heap_4.o
LOAD src/ASF/thirdparty/freertos/freertos-7.3.0/source/queue.o
LOAD src/ASF/thirdparty/freertos/freertos-7.3.0/source/tasks.o
LOAD src/ASF/thirdparty/freertos/freertos-7.3.0/source/timers.o
LOAD src/ping_pong_buffer.o
LOAD src/main.o
LOAD src/ASF/common/services/delay/sam/cycle_counter.o
LOAD src/ASF/sam/drivers/rtc/rtc.o
LOAD src/ASF/sam/drivers/tc/tc.o
LOAD src/ASF/common/services/clock/same70/sysclk.o
LOAD src/ASF/common/services/serial/usart_serial.o
LOAD src/ASF/common/services/sleepmgr/sam/sleepmgr.o
LOAD src/ASF/common/utils/interrupt/interrupt_sam_nvic.o
LOAD src/ASF/common/utils/stdio/read.o
LOAD src/ASF/common/utils/stdio/write.o
LOAD src/ASF/sam/boards/same70_xplained/init.o
LOAD src/ASF/sam/drivers/afec/afec.o
LOAD src/ASF/sam/drivers/mpu/mpu.o
LOAD src/ASF/sam/drivers/pio/pio.o
LOAD src/ASF/sam/drivers/pio/pio_handler.o
LOAD src/ASF/sam/drivers/pmc/pmc.o
LOAD src/ASF/sam/drivers/pmc/sleep.o
LOAD src/ASF/sam/drivers/uart/uart.o
LOAD src/ASF/sam/drivers/usart/usart.o
LOAD src/ASF/sam/utils/cmsis/same70/source/templates/gcc/startup_same70.o
LOAD src/ASF/sam/utils/cmsis/same70/source/templates/system_same70.o
LOAD src/ASF/sam/utils/syscalls/gcc/syscalls.o
START GROUP
LOAD ../src/ASF/thirdparty/CMSIS/Lib/GCC\libarm_cortexM7lfsp_math_softfp.a
LOAD c:/program files (x86)/atmel/studio/7.0/toolchain/arm/arm-gnu-toolchain/bin/../lib/gcc/arm-none-eabi/6.3.1/../../../../arm-none-eabi/lib/thumb/v7e-m\libm.a
END GROUP
START GROUP
LOAD c:/program files (x86)/atmel/studio/7.0/toolchain/arm/arm-gnu-toolchain/bin/../lib/gcc/arm-none-eabi/6.3.1/thumb/v7e-m\libgcc.a
LOAD c:/program files (x86)/atmel/studio/7.0/toolchain/arm/arm-gnu-toolchain/bin/../lib/gcc/arm-none-eabi/6.3.1/../../../../arm-none-eabi/lib/thumb/v7e-m\libc.a
END GROUP
LOAD c:/program files (x86)/atmel/studio/7.0/toolchain/arm/arm-gnu-toolchain/bin/../lib/gcc/arm-none-eabi/6.3.1/thumb/v7e-m/crtend.o
LOAD c:/program files (x86)/atmel/studio/7.0/toolchain/arm/arm-gnu-toolchain/bin/../lib/gcc/arm-none-eabi/6.3.1/thumb/v7e-m/crtn.o
                0x00002000                STACK_SIZE = DEFINED (STACK_SIZE)?STACK_SIZE:0x2000
                0x2045fffc                __ram_end__ = ((ORIGIN (ram) + LENGTH (ram)) - 0x4)
                0x00000200                HEAP_SIZE = DEFINED (HEAP_SIZE)?HEAP_SIZE:0x200

.text           0x00400000     0x9fd8
                0x00400000                . = ALIGN (0x4)
                0x00400000                _sfixed = .
 *(.vectors .vectors.*)
 .vectors       0x00400000      0x140 src/ASF/sam/utils/cmsis/same70/source/templates/gcc/startup_same70.o
                0x00400000                exception_table
 *(.text .text.* .gnu.linkonce.t.*)
 .text          0x00400140       0x6c c:/program files (x86)/atmel/studio/7.0/toolchain/arm/arm-gnu-toolchain/bin/../lib/gcc/arm-none-eabi/6.3.1/thumb/v7e-m/crtbegin.o
 .text.dacc_reset
                0x004001ac       0x1a src/ASF/sam/drivers/dacc/dacc.o
                0x004001ac                dacc_reset
 .text.dacc_get_interrupt_status
                0x004001c6       0x18 src/ASF/sam/drivers/dacc/dacc.o
                0x004001c6                dacc_get_interrupt_status
 .text.dacc_write_conversion_data
                0x004001de       0x26 src/ASF/sam/drivers/dacc/dacc.o
                0x004001de                dacc_write_conversion_data
 .text.dacc_enable_channel
                0x00400204       0x2c src/ASF/sam/drivers/dacc/dacc.o
                0x00400204                dacc_enable_channel
 .text.vListInitialise
                0x00400230       0x40 src/ASF/thirdparty/freertos/freertos-7.3.0/source/list.o
                0x00400230                vListInitialise
 .text.vListInitialiseItem
                0x00400270       0x1a src/ASF/thirdparty/freertos/freertos-7.3.0/source/list.o
                0x00400270                vListInitialiseItem
 .text.vListInsertEnd
                0x0040028a       0x50 src/ASF/thirdparty/freertos/freertos-7.3.0/source/list.o
                0x0040028a                vListInsertEnd
 .text.vListInsert
                0x004002da       0x72 src/ASF/thirdparty/freertos/freertos-7.3.0/source/list.o
                0x004002da                vListInsert
 .text.uxListRemove
                0x0040034c       0x54 src/ASF/thirdparty/freertos/freertos-7.3.0/source/list.o
                0x0040034c                uxListRemove
 .text.osc_get_rate
                0x004003a0       0x74 src/ASF/thirdparty/freertos/freertos-7.3.0/source/portable/gcc/sam_cm4f/port.o
 .text.sysclk_get_main_hz
                0x00400414       0x20 src/ASF/thirdparty/freertos/freertos-7.3.0/source/portable/gcc/sam_cm4f/port.o
 .text.sysclk_get_cpu_hz
                0x00400434       0x14 src/ASF/thirdparty/freertos/freertos-7.3.0/source/portable/gcc/sam_cm4f/port.o
 .text.pxPortInitialiseStack
                0x00400448       0x60 src/ASF/thirdparty/freertos/freertos-7.3.0/source/portable/gcc/sam_cm4f/port.o
                0x00400448                pxPortInitialiseStack
 .text.SVC_Handler
                0x004004a8       0x20 src/ASF/thirdparty/freertos/freertos-7.3.0/source/portable/gcc/sam_cm4f/port.o
                0x004004a8                SVC_Handler
 .text.prvPortStartFirstTask
                0x004004c8       0x18 src/ASF/thirdparty/freertos/freertos-7.3.0/source/portable/gcc/sam_cm4f/port.o
 .text.xPortStartScheduler
                0x004004e0       0x58 src/ASF/thirdparty/freertos/freertos-7.3.0/source/portable/gcc/sam_cm4f/port.o
                0x004004e0                xPortStartScheduler
 .text.vPortYieldFromISR
                0x00400538       0x1c src/ASF/thirdparty/freertos/freertos-7.3.0/source/portable/gcc/sam_cm4f/port.o
                0x00400538                vPortYieldFromISR
 .text.vPortEnterCritical
                0x00400554       0x20 src/ASF/thirdparty/freertos/freertos-7.3.0/source/portable/gcc/sam_cm4f/port.o
                0x00400554                vPortEnterCritical
 .text.vPortExitCritical
                0x00400574       0x28 src/ASF/thirdparty/freertos/freertos-7.3.0/source/portable/gcc/sam_cm4f/port.o
                0x00400574                vPortExitCritical
 .text.ulPortSetInterruptMask
                0x0040059c       0x12 src/ASF/thirdparty/freertos/freertos-7.3.0/source/portable/gcc/sam_cm4f/port.o
                0x0040059c                ulPortSetInterruptMask
 .text.vPortClearInterruptMask
                0x004005ae        0x8 src/ASF/thirdparty/freertos/freertos-7.3.0/source/portable/gcc/sam_cm4f/port.o
                0x004005ae                vPortClearInterruptMask
 *fill*         0x004005b6        0x2 
 .text.PendSV_Handler
                0x004005b8       0x54 src/ASF/thirdparty/freertos/freertos-7.3.0/source/portable/gcc/sam_cm4f/port.o
                0x004005b8                PendSV_Handler
 .text.SysTick_Handler
                0x0040060c       0x30 src/ASF/thirdparty/freertos/freertos-7.3.0/source/portable/gcc/sam_cm4f/port.o
                0x0040060c                SysTick_Handler
 .text.vPortSetupTimerInterrupt
                0x0040063c       0x34 src/ASF/thirdparty/freertos/freertos-7.3.0/source/portable/gcc/sam_cm4f/port.o
                0x0040063c                vPortSetupTimerInterrupt
 .text.vPortEnableVFP
                0x00400670       0x14 src/ASF/thirdparty/freertos/freertos-7.3.0/source/portable/gcc/sam_cm4f/port.o
 .text.pvPortMalloc
                0x00400684      0x10c src/ASF/thirdparty/freertos/freertos-7.3.0/source/portable/memmang/heap_4.o
                0x00400684                pvPortMalloc
 .text.vPortFree
                0x00400790       0x54 src/ASF/thirdparty/freertos/freertos-7.3.0/source/portable/memmang/heap_4.o
                0x00400790                vPortFree
 .text.prvHeapInit
                0x004007e4       0x90 src/ASF/thirdparty/freertos/freertos-7.3.0/source/portable/memmang/heap_4.o
 .text.prvInsertBlockIntoFreeList
                0x00400874       0xb4 src/ASF/thirdparty/freertos/freertos-7.3.0/source/portable/memmang/heap_4.o
 .text.xQueueGenericReset
                0x00400928       0xc8 src/ASF/thirdparty/freertos/freertos-7.3.0/source/queue.o
                0x00400928                xQueueGenericReset
 .text.xQueueGenericCreate
                0x004009f0       0x98 src/ASF/thirdparty/freertos/freertos-7.3.0/source/queue.o
                0x004009f0                xQueueGenericCreate
 .text.xQueueCreateCountingSemaphore
                0x00400a88       0x44 src/ASF/thirdparty/freertos/freertos-7.3.0/source/queue.o
                0x00400a88                xQueueCreateCountingSemaphore
 .text.xQueueGenericSend
                0x00400acc      0x168 src/ASF/thirdparty/freertos/freertos-7.3.0/source/queue.o
                0x00400acc                xQueueGenericSend
 .text.xQueueGenericSendFromISR
                0x00400c34       0xbc src/ASF/thirdparty/freertos/freertos-7.3.0/source/queue.o
                0x00400c34                xQueueGenericSendFromISR
 .text.xQueueGenericReceive
                0x00400cf0      0x1d4 src/ASF/thirdparty/freertos/freertos-7.3.0/source/queue.o
                0x00400cf0                xQueueGenericReceive
 .text.prvCopyDataToQueue
                0x00400ec4       0xc0 src/ASF/thirdparty/freertos/freertos-7.3.0/source/queue.o
 .text.prvCopyDataFromQueue
                0x00400f84       0x50 src/ASF/thirdparty/freertos/freertos-7.3.0/source/queue.o
 .text.prvUnlockQueue
                0x00400fd4       0xa8 src/ASF/thirdparty/freertos/freertos-7.3.0/source/queue.o
 .text.prvIsQueueEmpty
                0x0040107c       0x34 src/ASF/thirdparty/freertos/freertos-7.3.0/source/queue.o
 .text.prvIsQueueFull
                0x004010b0       0x38 src/ASF/thirdparty/freertos/freertos-7.3.0/source/queue.o
 .text.vQueueWaitForMessageRestricted
                0x004010e8       0x64 src/ASF/thirdparty/freertos/freertos-7.3.0/source/queue.o
                0x004010e8                vQueueWaitForMessageRestricted
 .text.xTaskGenericCreate
                0x0040114c      0x1a8 src/ASF/thirdparty/freertos/freertos-7.3.0/source/tasks.o
                0x0040114c                xTaskGenericCreate
 .text.vTaskDelay
                0x004012f4       0x68 src/ASF/thirdparty/freertos/freertos-7.3.0/source/tasks.o
                0x004012f4                vTaskDelay
 .text.vTaskStartScheduler
                0x0040135c       0x80 src/ASF/thirdparty/freertos/freertos-7.3.0/source/tasks.o
                0x0040135c                vTaskStartScheduler
 .text.vTaskSuspendAll
                0x004013dc       0x1c src/ASF/thirdparty/freertos/freertos-7.3.0/source/tasks.o
                0x004013dc                vTaskSuspendAll
 .text.xTaskResumeAll
                0x004013f8      0x120 src/ASF/thirdparty/freertos/freertos-7.3.0/source/tasks.o
                0x004013f8                xTaskResumeAll
 .text.xTaskGetTickCount
                0x00401518       0x2c src/ASF/thirdparty/freertos/freertos-7.3.0/source/tasks.o
                0x00401518                xTaskGetTickCount
 .text.vTaskIncrementTick
                0x00401544      0x14c src/ASF/thirdparty/freertos/freertos-7.3.0/source/tasks.o
                0x00401544                vTaskIncrementTick
 .text.vTaskSwitchContext
                0x00401690       0xa4 src/ASF/thirdparty/freertos/freertos-7.3.0/source/tasks.o
                0x00401690                vTaskSwitchContext
 .text.vTaskPlaceOnEventList
                0x00401734       0x84 src/ASF/thirdparty/freertos/freertos-7.3.0/source/tasks.o
                0x00401734                vTaskPlaceOnEventList
 .text.vTaskPlaceOnEventListRestricted
                0x004017b8       0x64 src/ASF/thirdparty/freertos/freertos-7.3.0/source/tasks.o
                0x004017b8                vTaskPlaceOnEventListRestricted
 .text.xTaskRemoveFromEventList
                0x0040181c       0xbc src/ASF/thirdparty/freertos/freertos-7.3.0/source/tasks.o
                0x0040181c                xTaskRemoveFromEventList
 .text.vTaskSetTimeOutState
                0x004018d8       0x3c src/ASF/thirdparty/freertos/freertos-7.3.0/source/tasks.o
                0x004018d8                vTaskSetTimeOutState
 .text.xTaskCheckForTimeOut
                0x00401914       0xb4 src/ASF/thirdparty/freertos/freertos-7.3.0/source/tasks.o
                0x00401914                xTaskCheckForTimeOut
 .text.vTaskMissedYield
                0x004019c8       0x18 src/ASF/thirdparty/freertos/freertos-7.3.0/source/tasks.o
                0x004019c8                vTaskMissedYield
 .text.prvIdleTask
                0x004019e0       0x28 src/ASF/thirdparty/freertos/freertos-7.3.0/source/tasks.o
 .text.prvInitialiseTCBVariables
                0x00401a08       0x74 src/ASF/thirdparty/freertos/freertos-7.3.0/source/tasks.o
 .text.prvInitialiseTaskLists
                0x00401a7c       0x84 src/ASF/thirdparty/freertos/freertos-7.3.0/source/tasks.o
 .text.prvCheckTasksWaitingTermination
                0x00401b00       0x90 src/ASF/thirdparty/freertos/freertos-7.3.0/source/tasks.o
 .text.prvAddCurrentTaskToDelayedList
                0x00401b90       0x70 src/ASF/thirdparty/freertos/freertos-7.3.0/source/tasks.o
 .text.prvAllocateTCBAndStack
                0x00401c00       0x70 src/ASF/thirdparty/freertos/freertos-7.3.0/source/tasks.o
 .text.prvDeleteTCB
                0x00401c70       0x24 src/ASF/thirdparty/freertos/freertos-7.3.0/source/tasks.o
 .text.xTaskGetCurrentTaskHandle
                0x00401c94       0x20 src/ASF/thirdparty/freertos/freertos-7.3.0/source/tasks.o
                0x00401c94                xTaskGetCurrentTaskHandle
 .text.xTaskGetSchedulerState
                0x00401cb4       0x3c src/ASF/thirdparty/freertos/freertos-7.3.0/source/tasks.o
                0x00401cb4                xTaskGetSchedulerState
 .text.vTaskPriorityInherit
                0x00401cf0       0xb4 src/ASF/thirdparty/freertos/freertos-7.3.0/source/tasks.o
                0x00401cf0                vTaskPriorityInherit
 .text.vTaskPriorityDisinherit
                0x00401da4       0x84 src/ASF/thirdparty/freertos/freertos-7.3.0/source/tasks.o
                0x00401da4                vTaskPriorityDisinherit
 .text.xTimerCreateTimerTask
                0x00401e28       0x68 src/ASF/thirdparty/freertos/freertos-7.3.0/source/timers.o
                0x00401e28                xTimerCreateTimerTask
 .text.xTimerGenericCommand
                0x00401e90       0x8c src/ASF/thirdparty/freertos/freertos-7.3.0/source/timers.o
                0x00401e90                xTimerGenericCommand
 .text.prvProcessExpiredTimer
                0x00401f1c       0x84 src/ASF/thirdparty/freertos/freertos-7.3.0/source/timers.o
 .text.prvTimerTask
                0x00401fa0       0x30 src/ASF/thirdparty/freertos/freertos-7.3.0/source/timers.o
 .text.prvProcessTimerOrBlockTask
                0x00401fd0       0x84 src/ASF/thirdparty/freertos/freertos-7.3.0/source/timers.o
 .text.prvGetNextExpireTime
                0x00402054       0x48 src/ASF/thirdparty/freertos/freertos-7.3.0/source/timers.o
 .text.prvSampleTimeNow
                0x0040209c       0x4c src/ASF/thirdparty/freertos/freertos-7.3.0/source/timers.o
 .text.prvInsertTimerInActiveList
                0x004020e8       0x88 src/ASF/thirdparty/freertos/freertos-7.3.0/source/timers.o
 .text.prvProcessReceivedCommands
                0x00402170      0x10c src/ASF/thirdparty/freertos/freertos-7.3.0/source/timers.o
 .text.prvSwitchTimerLists
                0x0040227c       0xc8 src/ASF/thirdparty/freertos/freertos-7.3.0/source/timers.o
 .text.prvCheckForValidListAndQueue
                0x00402344       0x64 src/ASF/thirdparty/freertos/freertos-7.3.0/source/timers.o
 .text.ppbuf_insert_active
                0x004023a8       0xa0 src/ping_pong_buffer.o
                0x004023a8                ppbuf_insert_active
 .text.ppbuf_remove_inactive
                0x00402448       0x8c src/ping_pong_buffer.o
                0x00402448                ppbuf_remove_inactive
 .text.ppbuf_get_full_signal
                0x004024d4       0x84 src/ping_pong_buffer.o
                0x004024d4                ppbuf_get_full_signal
 .text.NVIC_EnableIRQ
                0x00402558       0x34 src/main.o
 .text.NVIC_SetPriority
                0x0040258c       0x54 src/main.o
 .text.afec_ch_sanity_check
                0x004025e0       0x18 src/main.o
 .text.afec_set_trigger
                0x004025f8       0x44 src/main.o
 .text.afec_start_software_conversion
                0x0040263c       0x1a src/main.o
 *fill*         0x00402656        0x2 
 .text.afec_channel_enable
                0x00402658       0x4c src/main.o
 .text.afec_channel_disable
                0x004026a4       0x4c src/main.o
 .text.afec_channel_get_value
                0x004026f0       0x2c src/main.o
 .text.afec_channel_set_analog_offset
                0x0040271c       0x38 src/main.o
 .text.osc_get_rate
                0x00402754       0x74 src/main.o
 .text.sysclk_get_main_hz
                0x004027c8       0x20 src/main.o
 .text.sysclk_get_cpu_hz
                0x004027e8       0x14 src/main.o
 .text.sysclk_get_peripheral_hz
                0x004027fc       0x14 src/main.o
 .text.sysclk_enable_peripheral_clock
                0x00402810       0x1c src/main.o
 .text.ioport_init
                0x0040282c       0x2c src/main.o
 .text.usart_serial_init
                0x00402858      0x164 src/main.o
 .text.usart_serial_putchar
                0x004029bc      0x10c src/main.o
 .text.usart_serial_getchar
                0x00402ac8      0x108 src/main.o
 .text.stdio_serial_init
                0x00402bd0       0x68 src/main.o
 .text.vApplicationMallocFailedHook
                0x00402c38       0x10 src/main.o
                0x00402c38                vApplicationMallocFailedHook
 .text.TC0_Handler
                0x00402c48       0x24 src/main.o
                0x00402c48                TC0_Handler
 .text.Saturation
                0x00402c6c       0x78 src/main.o
 .text.Gain     0x00402ce4       0x40 src/main.o
 *fill*         0x00402d24        0x4 
 .text.lowPassFrequency
                0x00402d28      0x140 src/main.o
 .text.reverb   0x00402e68      0x2c4 src/main.o
 *fill*         0x0040312c        0x4 
 .text.echo     0x00403130       0xf4 src/main.o
 .text.AFEC_Audio_callback
                0x00403224      0x1a4 src/main.o
 .text.convert_adc_to_gain
                0x004033c8       0x34 src/main.o
 .text.convert_adc_to_saturation
                0x004033fc       0x34 src/main.o
 .text.convert_adc_to_lowpass
                0x00403430       0xac src/main.o
 .text.AFEC_Gain_callback
                0x004034dc       0x48 src/main.o
 .text.AFEC_Saturation_callback
                0x00403524       0x48 src/main.o
 .text.AFEC_Lowpass_callback
                0x0040356c       0x48 src/main.o
 .text.butReverb_callback
                0x004035b4       0x20 src/main.o
                0x004035b4                butReverb_callback
 .text.butEcho_callback
                0x004035d4       0x20 src/main.o
                0x004035d4                butEcho_callback
 .text.butGain_callback
                0x004035f4       0x20 src/main.o
                0x004035f4                butGain_callback
 .text.butSat_callback
                0x00403614       0x20 src/main.o
                0x00403614                butSat_callback
 .text.butLowpass_callback
                0x00403634       0x20 src/main.o
                0x00403634                butLowpass_callback
 .text.configure_console
                0x00403654       0x38 src/main.o
 .text.config_ADC_AUDIO
                0x0040368c       0xc0 src/main.o
 .text.config_AFEC_EFFECTS
                0x0040374c       0xfc src/main.o
 .text.config_DAC
                0x00403848       0x2c src/main.o
 .text.TC_init  0x00403874       0xa8 src/main.o
                0x00403874                TC_init
 .text.button_init
                0x0040391c      0x17c src/main.o
                0x0040391c                button_init
 .text.led_init
                0x00403a98       0x84 src/main.o
                0x00403a98                led_init
 .text.task_adc_to_dac
                0x00403b1c      0x360 src/main.o
 .text.task_effects_controller
                0x00403e7c      0x174 src/main.o
                0x00403e7c                task_effects_controller
 .text.main     0x00403ff0       0xb4 src/main.o
                0x00403ff0                main
 .text.tc_init  0x004040a4       0x3a src/ASF/sam/drivers/tc/tc.o
                0x004040a4                tc_init
 .text.tc_start
                0x004040de       0x22 src/ASF/sam/drivers/tc/tc.o
                0x004040de                tc_start
 .text.tc_write_ra
                0x00404100       0x26 src/ASF/sam/drivers/tc/tc.o
                0x00404100                tc_write_ra
 .text.tc_write_rc
                0x00404126       0x26 src/ASF/sam/drivers/tc/tc.o
                0x00404126                tc_write_rc
 .text.tc_get_status
                0x0040414c       0x24 src/ASF/sam/drivers/tc/tc.o
                0x0040414c                tc_get_status
 .text.tc_find_mck_divisor
                0x00404170       0xa6 src/ASF/sam/drivers/tc/tc.o
                0x00404170                tc_find_mck_divisor
 *fill*         0x00404216        0x2 
 .text.osc_enable
                0x00404218       0x88 src/ASF/common/services/clock/same70/sysclk.o
 .text.osc_is_ready
                0x004042a0       0x70 src/ASF/common/services/clock/same70/sysclk.o
 .text.osc_get_rate
                0x00404310       0x74 src/ASF/common/services/clock/same70/sysclk.o
 .text.osc_wait_ready
                0x00404384       0x2c src/ASF/common/services/clock/same70/sysclk.o
 .text.pll_config_init
                0x004043b0       0x6c src/ASF/common/services/clock/same70/sysclk.o
 .text.pll_enable
                0x0040441c       0x40 src/ASF/common/services/clock/same70/sysclk.o
 .text.pll_is_locked
                0x0040445c       0x2c src/ASF/common/services/clock/same70/sysclk.o
 .text.pll_enable_source
                0x00404488       0x38 src/ASF/common/services/clock/same70/sysclk.o
 .text.pll_wait_for_lock
                0x004044c0       0x24 src/ASF/common/services/clock/same70/sysclk.o
 .text.sysclk_get_main_hz
                0x004044e4       0x20 src/ASF/common/services/clock/same70/sysclk.o
 .text.sysclk_get_cpu_hz
                0x00404504       0x14 src/ASF/common/services/clock/same70/sysclk.o
 .text.sysclk_init
                0x00404518       0x7c src/ASF/common/services/clock/same70/sysclk.o
                0x00404518                sysclk_init
 .text._read    0x00404594       0x54 src/ASF/common/utils/stdio/read.o
                0x00404594                _read
 .text._write   0x004045e8       0x6c src/ASF/common/utils/stdio/write.o
                0x004045e8                _write
 .text.SCB_EnableICache
                0x00404654       0x38 src/ASF/sam/boards/same70_xplained/init.o
 .text.SCB_EnableDCache
                0x0040468c       0xa4 src/ASF/sam/boards/same70_xplained/init.o
 .text.sysclk_enable_peripheral_clock
                0x00404730       0x1c src/ASF/sam/boards/same70_xplained/init.o
 .text.ioport_init
                0x0040474c       0x2c src/ASF/sam/boards/same70_xplained/init.o
 .text.ioport_disable_pin
                0x00404778       0x4c src/ASF/sam/boards/same70_xplained/init.o
 .text.ioport_set_pin_mode
                0x004047c4      0x11c src/ASF/sam/boards/same70_xplained/init.o
 .text.ioport_set_pin_dir
                0x004048e0       0x88 src/ASF/sam/boards/same70_xplained/init.o
 .text.ioport_set_pin_level
                0x00404968       0x6c src/ASF/sam/boards/same70_xplained/init.o
 .text.ioport_set_pin_sense_mode
                0x004049d4       0xd0 src/ASF/sam/boards/same70_xplained/init.o
 .text.tcm_disable
                0x00404aa4       0x44 src/ASF/sam/boards/same70_xplained/init.o
 .text.board_init
                0x00404ae8       0xb8 src/ASF/sam/boards/same70_xplained/init.o
                0x00404ae8                board_init
 .text.NVIC_EnableIRQ
                0x00404ba0       0x34 src/ASF/sam/drivers/afec/afec.o
 .text.NVIC_ClearPendingIRQ
                0x00404bd4       0x34 src/ASF/sam/drivers/afec/afec.o
 .text.NVIC_SetPriority
                0x00404c08       0x54 src/ASF/sam/drivers/afec/afec.o
 .text.cpu_irq_save
                0x00404c5c       0x38 src/ASF/sam/drivers/afec/afec.o
 .text.cpu_irq_is_enabled_flags
                0x00404c94       0x20 src/ASF/sam/drivers/afec/afec.o
 .text.cpu_irq_restore
                0x00404cb4       0x30 src/ASF/sam/drivers/afec/afec.o
 .text.afec_ch_sanity_check
                0x00404ce4       0x18 src/ASF/sam/drivers/afec/afec.o
 .text.afec_get_interrupt_status
                0x00404cfc       0x18 src/ASF/sam/drivers/afec/afec.o
 .text.afec_get_interrupt_mask
                0x00404d14       0x18 src/ASF/sam/drivers/afec/afec.o
 .text.sleepmgr_lock_mode
                0x00404d2c       0x44 src/ASF/sam/drivers/afec/afec.o
 .text.osc_get_rate
                0x00404d70       0x74 src/ASF/sam/drivers/afec/afec.o
 .text.sysclk_get_main_hz
                0x00404de4       0x20 src/ASF/sam/drivers/afec/afec.o
 .text.sysclk_get_cpu_hz
                0x00404e04       0x14 src/ASF/sam/drivers/afec/afec.o
 .text.afec_find_inst_num
                0x00404e18       0x38 src/ASF/sam/drivers/afec/afec.o
 .text.afec_find_pid
                0x00404e50       0x38 src/ASF/sam/drivers/afec/afec.o
 .text.afec_set_config
                0x00404e88       0xa8 src/ASF/sam/drivers/afec/afec.o
 .text.afec_ch_set_config
                0x00404f30       0x94 src/ASF/sam/drivers/afec/afec.o
                0x00404f30                afec_ch_set_config
 .text.afec_temp_sensor_set_config
                0x00404fc4       0x48 src/ASF/sam/drivers/afec/afec.o
                0x00404fc4                afec_temp_sensor_set_config
 .text.afec_get_config_defaults
                0x0040500c       0x60 src/ASF/sam/drivers/afec/afec.o
                0x0040500c                afec_get_config_defaults
 .text.afec_ch_get_config_defaults
                0x0040506c       0x20 src/ASF/sam/drivers/afec/afec.o
                0x0040506c                afec_ch_get_config_defaults
 .text.afec_temp_sensor_get_config_defaults
                0x0040508c       0x2e src/ASF/sam/drivers/afec/afec.o
                0x0040508c                afec_temp_sensor_get_config_defaults
 *fill*         0x004050ba        0x2 
 .text.afec_init
                0x004050bc       0x98 src/ASF/sam/drivers/afec/afec.o
                0x004050bc                afec_init
 .text.afec_set_callback
                0x00405154       0x88 src/ASF/sam/drivers/afec/afec.o
                0x00405154                afec_set_callback
 .text.afec_enable_interrupt
                0x004051dc       0x78 src/ASF/sam/drivers/afec/afec.o
                0x004051dc                afec_enable_interrupt
 .text.afec_interrupt
                0x00405254       0x3c src/ASF/sam/drivers/afec/afec.o
 .text.afec_process_callback
                0x00405290       0xbc src/ASF/sam/drivers/afec/afec.o
 .text.AFEC0_Handler
                0x0040534c       0x18 src/ASF/sam/drivers/afec/afec.o
                0x0040534c                AFEC0_Handler
 .text.AFEC1_Handler
                0x00405364       0x18 src/ASF/sam/drivers/afec/afec.o
                0x00405364                AFEC1_Handler
 .text.afec_enable
                0x0040537c       0x30 src/ASF/sam/drivers/afec/afec.o
                0x0040537c                afec_enable
 .text.pio_pull_up
                0x004053ac       0x2c src/ASF/sam/drivers/pio/pio.o
                0x004053ac                pio_pull_up
 .text.pio_set  0x004053d8       0x1c src/ASF/sam/drivers/pio/pio.o
                0x004053d8                pio_set
 .text.pio_clear
                0x004053f4       0x1c src/ASF/sam/drivers/pio/pio.o
                0x004053f4                pio_clear
 .text.pio_set_peripheral
                0x00405410      0x110 src/ASF/sam/drivers/pio/pio.o
                0x00405410                pio_set_peripheral
 .text.pio_set_input
                0x00405520       0x80 src/ASF/sam/drivers/pio/pio.o
                0x00405520                pio_set_input
 .text.pio_set_output
                0x004055a0       0x64 src/ASF/sam/drivers/pio/pio.o
                0x004055a0                pio_set_output
 .text.pio_configure
                0x00405604       0xcc src/ASF/sam/drivers/pio/pio.o
                0x00405604                pio_configure
 .text.pio_configure_interrupt
                0x004056d0       0x6c src/ASF/sam/drivers/pio/pio.o
                0x004056d0                pio_configure_interrupt
 .text.pio_enable_interrupt
                0x0040573c       0x1c src/ASF/sam/drivers/pio/pio.o
                0x0040573c                pio_enable_interrupt
 .text.pio_disable_interrupt
                0x00405758       0x1c src/ASF/sam/drivers/pio/pio.o
                0x00405758                pio_disable_interrupt
 .text.pio_get_interrupt_status
                0x00405774       0x18 src/ASF/sam/drivers/pio/pio.o
                0x00405774                pio_get_interrupt_status
 .text.pio_get_interrupt_mask
                0x0040578c       0x18 src/ASF/sam/drivers/pio/pio.o
                0x0040578c                pio_get_interrupt_mask
 .text.pio_handler_process
                0x004057a4       0xb4 src/ASF/sam/drivers/pio/pio_handler.o
                0x004057a4                pio_handler_process
 .text.pio_handler_set
                0x00405858       0xa0 src/ASF/sam/drivers/pio/pio_handler.o
                0x00405858                pio_handler_set
 .text.PIOA_Handler
                0x004058f8       0x18 src/ASF/sam/drivers/pio/pio_handler.o
                0x004058f8                PIOA_Handler
 .text.PIOB_Handler
                0x00405910       0x18 src/ASF/sam/drivers/pio/pio_handler.o
                0x00405910                PIOB_Handler
 .text.PIOC_Handler
                0x00405928       0x18 src/ASF/sam/drivers/pio/pio_handler.o
                0x00405928                PIOC_Handler
 .text.PIOD_Handler
                0x00405940       0x18 src/ASF/sam/drivers/pio/pio_handler.o
                0x00405940                PIOD_Handler
 .text.PIOE_Handler
                0x00405958       0x18 src/ASF/sam/drivers/pio/pio_handler.o
                0x00405958                PIOE_Handler
 .text.pmc_mck_set_division
                0x00405970       0x7c src/ASF/sam/drivers/pmc/pmc.o
                0x00405970                pmc_mck_set_division
 .text.pmc_switch_mck_to_pllack
                0x004059ec       0x84 src/ASF/sam/drivers/pmc/pmc.o
                0x004059ec                pmc_switch_mck_to_pllack
 .text.pmc_switch_sclk_to_32kxtal
                0x00405a70       0x38 src/ASF/sam/drivers/pmc/pmc.o
                0x00405a70                pmc_switch_sclk_to_32kxtal
 .text.pmc_osc_is_ready_32kxtal
                0x00405aa8       0x34 src/ASF/sam/drivers/pmc/pmc.o
                0x00405aa8                pmc_osc_is_ready_32kxtal
 .text.pmc_switch_mainck_to_fastrc
                0x00405adc       0x70 src/ASF/sam/drivers/pmc/pmc.o
                0x00405adc                pmc_switch_mainck_to_fastrc
 .text.pmc_switch_mainck_to_xtal
                0x00405b4c       0x78 src/ASF/sam/drivers/pmc/pmc.o
                0x00405b4c                pmc_switch_mainck_to_xtal
 .text.pmc_osc_is_ready_mainck
                0x00405bc4       0x1c src/ASF/sam/drivers/pmc/pmc.o
                0x00405bc4                pmc_osc_is_ready_mainck
 .text.pmc_disable_pllack
                0x00405be0       0x1c src/ASF/sam/drivers/pmc/pmc.o
                0x00405be0                pmc_disable_pllack
 .text.pmc_is_locked_pllack
                0x00405bfc       0x1c src/ASF/sam/drivers/pmc/pmc.o
                0x00405bfc                pmc_is_locked_pllack
 .text.pmc_is_locked_upll
                0x00405c18       0x1c src/ASF/sam/drivers/pmc/pmc.o
                0x00405c18                pmc_is_locked_upll
 .text.pmc_enable_periph_clk
                0x00405c34       0x84 src/ASF/sam/drivers/pmc/pmc.o
                0x00405c34                pmc_enable_periph_clk
 .text.uart_init
                0x00405cb8       0x58 src/ASF/sam/drivers/uart/uart.o
                0x00405cb8                uart_init
 .text.uart_write
                0x00405d10       0x30 src/ASF/sam/drivers/uart/uart.o
                0x00405d10                uart_write
 .text.uart_read
                0x00405d40       0x32 src/ASF/sam/drivers/uart/uart.o
                0x00405d40                uart_read
 .text.usart_set_async_baudrate
                0x00405d72       0x8a src/ASF/sam/drivers/usart/usart.o
                0x00405d72                usart_set_async_baudrate
 .text.usart_reset
                0x00405dfc       0x54 src/ASF/sam/drivers/usart/usart.o
                0x00405dfc                usart_reset
 .text.usart_init_rs232
                0x00405e50       0x84 src/ASF/sam/drivers/usart/usart.o
                0x00405e50                usart_init_rs232
 .text.usart_enable_tx
                0x00405ed4       0x1a src/ASF/sam/drivers/usart/usart.o
                0x00405ed4                usart_enable_tx
 .text.usart_reset_tx
                0x00405eee       0x1a src/ASF/sam/drivers/usart/usart.o
                0x00405eee                usart_reset_tx
 .text.usart_enable_rx
                0x00405f08       0x1a src/ASF/sam/drivers/usart/usart.o
                0x00405f08                usart_enable_rx
 .text.usart_reset_rx
                0x00405f22       0x1a src/ASF/sam/drivers/usart/usart.o
                0x00405f22                usart_reset_rx
 .text.usart_reset_status
                0x00405f3c       0x1c src/ASF/sam/drivers/usart/usart.o
                0x00405f3c                usart_reset_status
 .text.usart_drive_RTS_pin_high
                0x00405f58       0x1c src/ASF/sam/drivers/usart/usart.o
                0x00405f58                usart_drive_RTS_pin_high
 .text.usart_write
                0x00405f74       0x32 src/ASF/sam/drivers/usart/usart.o
                0x00405f74                usart_write
 .text.usart_read
                0x00405fa6       0x34 src/ASF/sam/drivers/usart/usart.o
                0x00405fa6                usart_read
 *fill*         0x00405fda        0x2 
 .text.usart_disable_writeprotect
                0x00405fdc       0x20 src/ASF/sam/drivers/usart/usart.o
                0x00405fdc                usart_disable_writeprotect
 .text.cpu_irq_save
                0x00405ffc       0x38 src/ASF/sam/utils/cmsis/same70/source/templates/gcc/startup_same70.o
 .text.cpu_irq_is_enabled_flags
                0x00406034       0x20 src/ASF/sam/utils/cmsis/same70/source/templates/gcc/startup_same70.o
 .text.cpu_irq_restore
                0x00406054       0x30 src/ASF/sam/utils/cmsis/same70/source/templates/gcc/startup_same70.o
 .text.Reset_Handler
                0x00406084       0xb0 src/ASF/sam/utils/cmsis/same70/source/templates/gcc/startup_same70.o
                0x00406084                Reset_Handler
 .text.Dummy_Handler
                0x00406134        0x6 src/ASF/sam/utils/cmsis/same70/source/templates/gcc/startup_same70.o
                0x00406134                DACC_Handler
                0x00406134                DebugMon_Handler
                0x00406134                UART3_Handler
                0x00406134                UART2_Handler
                0x00406134                TRNG_Handler
                0x00406134                HardFault_Handler
                0x00406134                TC2_Handler
                0x00406134                NMI_Handler
                0x00406134                TC7_Handler
                0x00406134                QSPI_Handler
                0x00406134                ISI_Handler
                0x00406134                TC9_Handler
                0x00406134                RSWDT_Handler
                0x00406134                MCAN1_Handler
                0x00406134                USART0_Handler
                0x00406134                RTT_Handler
                0x00406134                USBHS_Handler
                0x00406134                RTC_Handler
                0x00406134                UsageFault_Handler
                0x00406134                TC6_Handler
                0x00406134                WDT_Handler
                0x00406134                TC4_Handler
                0x00406134                TC1_Handler
                0x00406134                HSMCI_Handler
                0x00406134                UART1_Handler
                0x00406134                TC3_Handler
                0x00406134                Dummy_Handler
                0x00406134                TWIHS1_Handler
                0x00406134                XDMAC_Handler
                0x00406134                UART4_Handler
                0x00406134                PWM1_Handler
                0x00406134                USART1_Handler
                0x00406134                PWM0_Handler
                0x00406134                TC11_Handler
                0x00406134                SSC_Handler
                0x00406134                ACC_Handler
                0x00406134                PMC_Handler
                0x00406134                GMAC_Handler
                0x00406134                MemManage_Handler
                0x00406134                SUPC_Handler
                0x00406134                TC8_Handler
                0x00406134                EFC_Handler
                0x00406134                USART2_Handler
                0x00406134                SDRAMC_Handler
                0x00406134                SPI1_Handler
                0x00406134                MCAN0_Handler
                0x00406134                TC10_Handler
                0x00406134                TWIHS2_Handler
                0x00406134                UART0_Handler
                0x00406134                BusFault_Handler
                0x00406134                RSTC_Handler
                0x00406134                TC5_Handler
                0x00406134                AES_Handler
                0x00406134                ICM_Handler
                0x00406134                TWIHS0_Handler
                0x00406134                SPI0_Handler
 *fill*         0x0040613a        0x2 
 .text.SystemCoreClockUpdate
                0x0040613c      0x168 src/ASF/sam/utils/cmsis/same70/source/templates/system_same70.o
                0x0040613c                SystemCoreClockUpdate
 .text.system_init_flash
                0x004062a4       0xb0 src/ASF/sam/utils/cmsis/same70/source/templates/system_same70.o
                0x004062a4                system_init_flash
 .text._sbrk    0x00406354       0x58 src/ASF/sam/utils/syscalls/gcc/syscalls.o
                0x00406354                _sbrk
 .text._close   0x004063ac       0x18 src/ASF/sam/utils/syscalls/gcc/syscalls.o
                0x004063ac                _close
 .text._fstat   0x004063c4       0x20 src/ASF/sam/utils/syscalls/gcc/syscalls.o
                0x004063c4                _fstat
 .text._isatty  0x004063e4       0x16 src/ASF/sam/utils/syscalls/gcc/syscalls.o
                0x004063e4                _isatty
 .text._lseek   0x004063fa       0x1a src/ASF/sam/utils/syscalls/gcc/syscalls.o
                0x004063fa                _lseek
 .text          0x00406414      0x370 c:/program files (x86)/atmel/studio/7.0/toolchain/arm/arm-gnu-toolchain/bin/../lib/gcc/arm-none-eabi/6.3.1/thumb/v7e-m\libgcc.a(_arm_addsubdf3.o)
                0x00406414                __aeabi_drsub
                0x0040641c                __aeabi_dsub
                0x0040641c                __subdf3
                0x00406420                __aeabi_dadd
                0x00406420                __adddf3
                0x00406698                __floatunsidf
                0x00406698                __aeabi_ui2d
                0x004066b8                __floatsidf
                0x004066b8                __aeabi_i2d
                0x004066dc                __aeabi_f2d
                0x004066dc                __extendsfdf2
                0x00406718                __floatundidf
                0x00406718                __aeabi_ul2d
                0x00406728                __floatdidf
                0x00406728                __aeabi_l2d
 .text          0x00406784      0x424 c:/program files (x86)/atmel/studio/7.0/toolchain/arm/arm-gnu-toolchain/bin/../lib/gcc/arm-none-eabi/6.3.1/thumb/v7e-m\libgcc.a(_arm_muldivdf3.o)
                0x00406784                __aeabi_dmul
                0x00406784                __muldf3
                0x004069d8                __divdf3
                0x004069d8                __aeabi_ddiv
 .text          0x00406ba8       0x50 c:/program files (x86)/atmel/studio/7.0/toolchain/arm/arm-gnu-toolchain/bin/../lib/gcc/arm-none-eabi/6.3.1/thumb/v7e-m\libgcc.a(_arm_fixdfsi.o)
                0x00406ba8                __aeabi_d2iz
                0x00406ba8                __fixdfsi
 .text.__libc_init_array
                0x00406bf8       0x50 c:/program files (x86)/atmel/studio/7.0/toolchain/arm/arm-gnu-toolchain/bin/../lib/gcc/arm-none-eabi/6.3.1/../../../../arm-none-eabi/lib/thumb/v7e-m\libc.a(lib_a-init.o)
                0x00406bf8                __libc_init_array
 .text.iprintf  0x00406c48       0x28 c:/program files (x86)/atmel/studio/7.0/toolchain/arm/arm-gnu-toolchain/bin/../lib/gcc/arm-none-eabi/6.3.1/../../../../arm-none-eabi/lib/thumb/v7e-m\libc.a(lib_a-iprintf.o)
                0x00406c48                iprintf
 .text          0x00406c70      0x134 c:/program files (x86)/atmel/studio/7.0/toolchain/arm/arm-gnu-toolchain/bin/../lib/gcc/arm-none-eabi/6.3.1/../../../../arm-none-eabi/lib/thumb/v7e-m\libc.a(lib_a-memcpy.o)
                0x00406c70                memcpy
 .text.memset   0x00406da4       0x9c c:/program files (x86)/atmel/studio/7.0/toolchain/arm/arm-gnu-toolchain/bin/../lib/gcc/arm-none-eabi/6.3.1/../../../../arm-none-eabi/lib/thumb/v7e-m\libc.a(lib_a-memset.o)
                0x00406da4                memset
 .text._puts_r  0x00406e40       0x9c c:/program files (x86)/atmel/studio/7.0/toolchain/arm/arm-gnu-toolchain/bin/../lib/gcc/arm-none-eabi/6.3.1/../../../../arm-none-eabi/lib/thumb/v7e-m\libc.a(lib_a-puts.o)
                0x00406e40                _puts_r
 .text.puts     0x00406edc       0x10 c:/program files (x86)/atmel/studio/7.0/toolchain/arm/arm-gnu-toolchain/bin/../lib/gcc/arm-none-eabi/6.3.1/../../../../arm-none-eabi/lib/thumb/v7e-m\libc.a(lib_a-puts.o)
                0x00406edc                puts
 .text.setbuf   0x00406eec       0x10 c:/program files (x86)/atmel/studio/7.0/toolchain/arm/arm-gnu-toolchain/bin/../lib/gcc/arm-none-eabi/6.3.1/../../../../arm-none-eabi/lib/thumb/v7e-m\libc.a(lib_a-setbuf.o)
                0x00406eec                setbuf
 .text.setvbuf  0x00406efc      0x190 c:/program files (x86)/atmel/studio/7.0/toolchain/arm/arm-gnu-toolchain/bin/../lib/gcc/arm-none-eabi/6.3.1/../../../../arm-none-eabi/lib/thumb/v7e-m\libc.a(lib_a-setvbuf.o)
                0x00406efc                setvbuf
 *fill*         0x0040708c       0x34 
 .text          0x004070c0       0xdc c:/program files (x86)/atmel/studio/7.0/toolchain/arm/arm-gnu-toolchain/bin/../lib/gcc/arm-none-eabi/6.3.1/../../../../arm-none-eabi/lib/thumb/v7e-m\libc.a(lib_a-strlen.o)
                0x004070c0                strlen
 .text.strncpy  0x0040719c       0x64 c:/program files (x86)/atmel/studio/7.0/toolchain/arm/arm-gnu-toolchain/bin/../lib/gcc/arm-none-eabi/6.3.1/../../../../arm-none-eabi/lib/thumb/v7e-m\libc.a(lib_a-strncpy.o)
                0x0040719c                strncpy
 .text.__sprint_r.part.0
                0x00407200       0x80 c:/program files (x86)/atmel/studio/7.0/toolchain/arm/arm-gnu-toolchain/bin/../lib/gcc/arm-none-eabi/6.3.1/../../../../arm-none-eabi/lib/thumb/v7e-m\libc.a(lib_a-vfiprintf.o)
 .text._vfiprintf_r
                0x00407280      0xc90 c:/program files (x86)/atmel/studio/7.0/toolchain/arm/arm-gnu-toolchain/bin/../lib/gcc/arm-none-eabi/6.3.1/../../../../arm-none-eabi/lib/thumb/v7e-m\libc.a(lib_a-vfiprintf.o)
                0x00407280                _vfiprintf_r
 .text.__sbprintf
                0x00407f10       0x84 c:/program files (x86)/atmel/studio/7.0/toolchain/arm/arm-gnu-toolchain/bin/../lib/gcc/arm-none-eabi/6.3.1/../../../../arm-none-eabi/lib/thumb/v7e-m\libc.a(lib_a-vfiprintf.o)
 .text.__swsetup_r
                0x00407f94       0xc8 c:/program files (x86)/atmel/studio/7.0/toolchain/arm/arm-gnu-toolchain/bin/../lib/gcc/arm-none-eabi/6.3.1/../../../../arm-none-eabi/lib/thumb/v7e-m\libc.a(lib_a-wsetup.o)
                0x00407f94                __swsetup_r
 .text.startup.register_fini
                0x0040805c       0x14 c:/program files (x86)/atmel/studio/7.0/toolchain/arm/arm-gnu-toolchain/bin/../lib/gcc/arm-none-eabi/6.3.1/../../../../arm-none-eabi/lib/thumb/v7e-m\libc.a(lib_a-__call_atexit.o)
 .text.atexit   0x00408070        0xc c:/program files (x86)/atmel/studio/7.0/toolchain/arm/arm-gnu-toolchain/bin/../lib/gcc/arm-none-eabi/6.3.1/../../../../arm-none-eabi/lib/thumb/v7e-m\libc.a(lib_a-atexit.o)
                0x00408070                atexit
 .text.__sflush_r
                0x0040807c      0x140 c:/program files (x86)/atmel/studio/7.0/toolchain/arm/arm-gnu-toolchain/bin/../lib/gcc/arm-none-eabi/6.3.1/../../../../arm-none-eabi/lib/thumb/v7e-m\libc.a(lib_a-fflush.o)
                0x0040807c                __sflush_r
 .text._fflush_r
                0x004081bc       0x54 c:/program files (x86)/atmel/studio/7.0/toolchain/arm/arm-gnu-toolchain/bin/../lib/gcc/arm-none-eabi/6.3.1/../../../../arm-none-eabi/lib/thumb/v7e-m\libc.a(lib_a-fflush.o)
                0x004081bc                _fflush_r
 .text._cleanup_r
                0x00408210        0xc c:/program files (x86)/atmel/studio/7.0/toolchain/arm/arm-gnu-toolchain/bin/../lib/gcc/arm-none-eabi/6.3.1/../../../../arm-none-eabi/lib/thumb/v7e-m\libc.a(lib_a-findfp.o)
                0x00408210                _cleanup_r
 .text.std.isra.0
                0x0040821c       0x50 c:/program files (x86)/atmel/studio/7.0/toolchain/arm/arm-gnu-toolchain/bin/../lib/gcc/arm-none-eabi/6.3.1/../../../../arm-none-eabi/lib/thumb/v7e-m\libc.a(lib_a-findfp.o)
 .text.__sinit  0x0040826c       0x58 c:/program files (x86)/atmel/studio/7.0/toolchain/arm/arm-gnu-toolchain/bin/../lib/gcc/arm-none-eabi/6.3.1/../../../../arm-none-eabi/lib/thumb/v7e-m\libc.a(lib_a-findfp.o)
                0x0040826c                __sinit
 .text.__sfp_lock_acquire
                0x004082c4        0xc c:/program files (x86)/atmel/studio/7.0/toolchain/arm/arm-gnu-toolchain/bin/../lib/gcc/arm-none-eabi/6.3.1/../../../../arm-none-eabi/lib/thumb/v7e-m\libc.a(lib_a-findfp.o)
                0x004082c4                __sfp_lock_acquire
 .text.__sfp_lock_release
                0x004082d0        0xc c:/program files (x86)/atmel/studio/7.0/toolchain/arm/arm-gnu-toolchain/bin/../lib/gcc/arm-none-eabi/6.3.1/../../../../arm-none-eabi/lib/thumb/v7e-m\libc.a(lib_a-findfp.o)
                0x004082d0                __sfp_lock_release
 .text.__libc_fini_array
                0x004082dc       0x34 c:/program files (x86)/atmel/studio/7.0/toolchain/arm/arm-gnu-toolchain/bin/../lib/gcc/arm-none-eabi/6.3.1/../../../../arm-none-eabi/lib/thumb/v7e-m\libc.a(lib_a-fini.o)
                0x004082dc                __libc_fini_array
 .text.__fputwc
                0x00408310       0xa0 c:/program files (x86)/atmel/studio/7.0/toolchain/arm/arm-gnu-toolchain/bin/../lib/gcc/arm-none-eabi/6.3.1/../../../../arm-none-eabi/lib/thumb/v7e-m\libc.a(lib_a-fputwc.o)
                0x00408310                __fputwc
 .text._fputwc_r
                0x004083b0       0x68 c:/program files (x86)/atmel/studio/7.0/toolchain/arm/arm-gnu-toolchain/bin/../lib/gcc/arm-none-eabi/6.3.1/../../../../arm-none-eabi/lib/thumb/v7e-m\libc.a(lib_a-fputwc.o)
                0x004083b0                _fputwc_r
 .text._malloc_trim_r
                0x00408418       0xa0 c:/program files (x86)/atmel/studio/7.0/toolchain/arm/arm-gnu-toolchain/bin/../lib/gcc/arm-none-eabi/6.3.1/../../../../arm-none-eabi/lib/thumb/v7e-m\libc.a(lib_a-freer.o)
                0x00408418                _malloc_trim_r
 .text._free_r  0x004084b8      0x1cc c:/program files (x86)/atmel/studio/7.0/toolchain/arm/arm-gnu-toolchain/bin/../lib/gcc/arm-none-eabi/6.3.1/../../../../arm-none-eabi/lib/thumb/v7e-m\libc.a(lib_a-freer.o)
                0x004084b8                _free_r
 .text.__sfvwrite_r
                0x00408684      0x2f0 c:/program files (x86)/atmel/studio/7.0/toolchain/arm/arm-gnu-toolchain/bin/../lib/gcc/arm-none-eabi/6.3.1/../../../../arm-none-eabi/lib/thumb/v7e-m\libc.a(lib_a-fvwrite.o)
                0x00408684                __sfvwrite_r
 .text._fwalk_reent
                0x00408974       0x54 c:/program files (x86)/atmel/studio/7.0/toolchain/arm/arm-gnu-toolchain/bin/../lib/gcc/arm-none-eabi/6.3.1/../../../../arm-none-eabi/lib/thumb/v7e-m\libc.a(lib_a-fwalk.o)
                0x00408974                _fwalk_reent
 .text.__locale_mb_cur_max
                0x004089c8       0x1c c:/program files (x86)/atmel/studio/7.0/toolchain/arm/arm-gnu-toolchain/bin/../lib/gcc/arm-none-eabi/6.3.1/../../../../arm-none-eabi/lib/thumb/v7e-m\libc.a(lib_a-locale.o)
                0x004089c8                __locale_mb_cur_max
 .text.__retarget_lock_init_recursive
                0x004089e4        0x4 c:/program files (x86)/atmel/studio/7.0/toolchain/arm/arm-gnu-toolchain/bin/../lib/gcc/arm-none-eabi/6.3.1/../../../../arm-none-eabi/lib/thumb/v7e-m\libc.a(lib_a-lock.o)
                0x004089e4                __retarget_lock_init_recursive
 .text.__retarget_lock_close_recursive
                0x004089e8        0x4 c:/program files (x86)/atmel/studio/7.0/toolchain/arm/arm-gnu-toolchain/bin/../lib/gcc/arm-none-eabi/6.3.1/../../../../arm-none-eabi/lib/thumb/v7e-m\libc.a(lib_a-lock.o)
                0x004089e8                __retarget_lock_close_recursive
 .text.__retarget_lock_acquire_recursive
                0x004089ec        0x4 c:/program files (x86)/atmel/studio/7.0/toolchain/arm/arm-gnu-toolchain/bin/../lib/gcc/arm-none-eabi/6.3.1/../../../../arm-none-eabi/lib/thumb/v7e-m\libc.a(lib_a-lock.o)
                0x004089ec                __retarget_lock_acquire_recursive
 .text.__retarget_lock_release_recursive
                0x004089f0        0x4 c:/program files (x86)/atmel/studio/7.0/toolchain/arm/arm-gnu-toolchain/bin/../lib/gcc/arm-none-eabi/6.3.1/../../../../arm-none-eabi/lib/thumb/v7e-m\libc.a(lib_a-lock.o)
                0x004089f0                __retarget_lock_release_recursive
 .text.__swhatbuf_r
                0x004089f4       0x5c c:/program files (x86)/atmel/studio/7.0/toolchain/arm/arm-gnu-toolchain/bin/../lib/gcc/arm-none-eabi/6.3.1/../../../../arm-none-eabi/lib/thumb/v7e-m\libc.a(lib_a-makebuf.o)
                0x004089f4                __swhatbuf_r
 .text.__smakebuf_r
                0x00408a50       0x94 c:/program files (x86)/atmel/studio/7.0/toolchain/arm/arm-gnu-toolchain/bin/../lib/gcc/arm-none-eabi/6.3.1/../../../../arm-none-eabi/lib/thumb/v7e-m\libc.a(lib_a-makebuf.o)
                0x00408a50                __smakebuf_r
 .text.malloc   0x00408ae4       0x10 c:/program files (x86)/atmel/studio/7.0/toolchain/arm/arm-gnu-toolchain/bin/../lib/gcc/arm-none-eabi/6.3.1/../../../../arm-none-eabi/lib/thumb/v7e-m\libc.a(lib_a-malloc.o)
                0x00408ae4                malloc
 .text._malloc_r
                0x00408af4      0x560 c:/program files (x86)/atmel/studio/7.0/toolchain/arm/arm-gnu-toolchain/bin/../lib/gcc/arm-none-eabi/6.3.1/../../../../arm-none-eabi/lib/thumb/v7e-m\libc.a(lib_a-mallocr.o)
                0x00408af4                _malloc_r
 .text.__ascii_mbtowc
                0x00409054       0x2c c:/program files (x86)/atmel/studio/7.0/toolchain/arm/arm-gnu-toolchain/bin/../lib/gcc/arm-none-eabi/6.3.1/../../../../arm-none-eabi/lib/thumb/v7e-m\libc.a(lib_a-mbtowc_r.o)
                0x00409054                __ascii_mbtowc
 .text          0x00409080       0xa0 c:/program files (x86)/atmel/studio/7.0/toolchain/arm/arm-gnu-toolchain/bin/../lib/gcc/arm-none-eabi/6.3.1/../../../../arm-none-eabi/lib/thumb/v7e-m\libc.a(lib_a-memchr.o)
                0x00409080                memchr
 .text.memmove  0x00409120       0xc8 c:/program files (x86)/atmel/studio/7.0/toolchain/arm/arm-gnu-toolchain/bin/../lib/gcc/arm-none-eabi/6.3.1/../../../../arm-none-eabi/lib/thumb/v7e-m\libc.a(lib_a-memmove.o)
                0x00409120                memmove
 .text.__malloc_lock
                0x004091e8        0xc c:/program files (x86)/atmel/studio/7.0/toolchain/arm/arm-gnu-toolchain/bin/../lib/gcc/arm-none-eabi/6.3.1/../../../../arm-none-eabi/lib/thumb/v7e-m\libc.a(lib_a-mlock.o)
                0x004091e8                __malloc_lock
 .text.__malloc_unlock
                0x004091f4        0xc c:/program files (x86)/atmel/studio/7.0/toolchain/arm/arm-gnu-toolchain/bin/../lib/gcc/arm-none-eabi/6.3.1/../../../../arm-none-eabi/lib/thumb/v7e-m\libc.a(lib_a-mlock.o)
                0x004091f4                __malloc_unlock
 .text._realloc_r
                0x00409200      0x34c c:/program files (x86)/atmel/studio/7.0/toolchain/arm/arm-gnu-toolchain/bin/../lib/gcc/arm-none-eabi/6.3.1/../../../../arm-none-eabi/lib/thumb/v7e-m\libc.a(lib_a-reallocr.o)
                0x00409200                _realloc_r
 .text._sbrk_r  0x0040954c       0x24 c:/program files (x86)/atmel/studio/7.0/toolchain/arm/arm-gnu-toolchain/bin/../lib/gcc/arm-none-eabi/6.3.1/../../../../arm-none-eabi/lib/thumb/v7e-m\libc.a(lib_a-sbrkr.o)
                0x0040954c                _sbrk_r
 .text.__sread  0x00409570       0x24 c:/program files (x86)/atmel/studio/7.0/toolchain/arm/arm-gnu-toolchain/bin/../lib/gcc/arm-none-eabi/6.3.1/../../../../arm-none-eabi/lib/thumb/v7e-m\libc.a(lib_a-stdio.o)
                0x00409570                __sread
 .text.__swrite
                0x00409594       0x3c c:/program files (x86)/atmel/studio/7.0/toolchain/arm/arm-gnu-toolchain/bin/../lib/gcc/arm-none-eabi/6.3.1/../../../../arm-none-eabi/lib/thumb/v7e-m\libc.a(lib_a-stdio.o)
                0x00409594                __swrite
 .text.__sseek  0x004095d0       0x20 c:/program files (x86)/atmel/studio/7.0/toolchain/arm/arm-gnu-toolchain/bin/../lib/gcc/arm-none-eabi/6.3.1/../../../../arm-none-eabi/lib/thumb/v7e-m\libc.a(lib_a-stdio.o)
                0x004095d0                __sseek
 .text.__sclose
                0x004095f0        0x8 c:/program files (x86)/atmel/studio/7.0/toolchain/arm/arm-gnu-toolchain/bin/../lib/gcc/arm-none-eabi/6.3.1/../../../../arm-none-eabi/lib/thumb/v7e-m\libc.a(lib_a-stdio.o)
                0x004095f0                __sclose
 .text.__swbuf_r
                0x004095f8       0xb0 c:/program files (x86)/atmel/studio/7.0/toolchain/arm/arm-gnu-toolchain/bin/../lib/gcc/arm-none-eabi/6.3.1/../../../../arm-none-eabi/lib/thumb/v7e-m\libc.a(lib_a-wbuf.o)
                0x004095f8                __swbuf_r
 .text._wcrtomb_r
                0x004096a8       0x54 c:/program files (x86)/atmel/studio/7.0/toolchain/arm/arm-gnu-toolchain/bin/../lib/gcc/arm-none-eabi/6.3.1/../../../../arm-none-eabi/lib/thumb/v7e-m\libc.a(lib_a-wcrtomb.o)
                0x004096a8                _wcrtomb_r
 .text.__ascii_wctomb
                0x004096fc       0x1c c:/program files (x86)/atmel/studio/7.0/toolchain/arm/arm-gnu-toolchain/bin/../lib/gcc/arm-none-eabi/6.3.1/../../../../arm-none-eabi/lib/thumb/v7e-m\libc.a(lib_a-wctomb_r.o)
                0x004096fc                __ascii_wctomb
 .text._write_r
                0x00409718       0x2c c:/program files (x86)/atmel/studio/7.0/toolchain/arm/arm-gnu-toolchain/bin/../lib/gcc/arm-none-eabi/6.3.1/../../../../arm-none-eabi/lib/thumb/v7e-m\libc.a(lib_a-writer.o)
                0x00409718                _write_r
 .text.__register_exitproc
                0x00409744       0xc4 c:/program files (x86)/atmel/studio/7.0/toolchain/arm/arm-gnu-toolchain/bin/../lib/gcc/arm-none-eabi/6.3.1/../../../../arm-none-eabi/lib/thumb/v7e-m\libc.a(lib_a-__atexit.o)
                0x00409744                __register_exitproc
 .text._close_r
                0x00409808       0x24 c:/program files (x86)/atmel/studio/7.0/toolchain/arm/arm-gnu-toolchain/bin/../lib/gcc/arm-none-eabi/6.3.1/../../../../arm-none-eabi/lib/thumb/v7e-m\libc.a(lib_a-closer.o)
                0x00409808                _close_r
 .text._fclose_r
                0x0040982c       0xc4 c:/program files (x86)/atmel/studio/7.0/toolchain/arm/arm-gnu-toolchain/bin/../lib/gcc/arm-none-eabi/6.3.1/../../../../arm-none-eabi/lib/thumb/v7e-m\libc.a(lib_a-fclose.o)
                0x0040982c                _fclose_r
 .text._fstat_r
                0x004098f0       0x28 c:/program files (x86)/atmel/studio/7.0/toolchain/arm/arm-gnu-toolchain/bin/../lib/gcc/arm-none-eabi/6.3.1/../../../../arm-none-eabi/lib/thumb/v7e-m\libc.a(lib_a-fstatr.o)
                0x004098f0                _fstat_r
 .text._isatty_r
                0x00409918       0x24 c:/program files (x86)/atmel/studio/7.0/toolchain/arm/arm-gnu-toolchain/bin/../lib/gcc/arm-none-eabi/6.3.1/../../../../arm-none-eabi/lib/thumb/v7e-m\libc.a(lib_a-isattyr.o)
                0x00409918                _isatty_r
 .text._lseek_r
                0x0040993c       0x2c c:/program files (x86)/atmel/studio/7.0/toolchain/arm/arm-gnu-toolchain/bin/../lib/gcc/arm-none-eabi/6.3.1/../../../../arm-none-eabi/lib/thumb/v7e-m\libc.a(lib_a-lseekr.o)
                0x0040993c                _lseek_r
 .text._read_r  0x00409968       0x2c c:/program files (x86)/atmel/studio/7.0/toolchain/arm/arm-gnu-toolchain/bin/../lib/gcc/arm-none-eabi/6.3.1/../../../../arm-none-eabi/lib/thumb/v7e-m\libc.a(lib_a-readr.o)
                0x00409968                _read_r
 .text          0x00409994       0x30 c:/program files (x86)/atmel/studio/7.0/toolchain/arm/arm-gnu-toolchain/bin/../lib/gcc/arm-none-eabi/6.3.1/thumb/v7e-m\libgcc.a(_aeabi_uldivmod.o)
                0x00409994                __aeabi_uldivmod
 .text          0x004099c4      0x2dc c:/program files (x86)/atmel/studio/7.0/toolchain/arm/arm-gnu-toolchain/bin/../lib/gcc/arm-none-eabi/6.3.1/thumb/v7e-m\libgcc.a(_udivmoddi4.o)
                0x004099c4                __udivmoddi4
 .text          0x00409ca0        0x4 c:/program files (x86)/atmel/studio/7.0/toolchain/arm/arm-gnu-toolchain/bin/../lib/gcc/arm-none-eabi/6.3.1/thumb/v7e-m\libgcc.a(_dvmd_tls.o)
                0x00409ca0                __aeabi_idiv0
                0x00409ca0                __aeabi_ldiv0
 *(.glue_7t)
 .glue_7t       0x00409ca4        0x0 linker stubs
 *(.glue_7)
 .glue_7        0x00409ca4        0x0 linker stubs
 *(.rodata .rodata* .gnu.linkonce.r.*)
 .rodata        0x00409ca4       0x1e src/ASF/thirdparty/freertos/freertos-7.3.0/source/tasks.o
 *fill*         0x00409cc2        0x2 
 .rodata        0x00409cc4        0x8 src/ASF/thirdparty/freertos/freertos-7.3.0/source/timers.o
 .rodata        0x00409ccc      0x17a src/main.o
 *fill*         0x00409e46        0x2 
 .rodata._global_impure_ptr
                0x00409e48        0x4 c:/program files (x86)/atmel/studio/7.0/toolchain/arm/arm-gnu-toolchain/bin/../lib/gcc/arm-none-eabi/6.3.1/../../../../arm-none-eabi/lib/thumb/v7e-m\libc.a(lib_a-impure.o)
                0x00409e48                _global_impure_ptr
 .rodata._puts_r.str1.4
                0x00409e4c        0x2 c:/program files (x86)/atmel/studio/7.0/toolchain/arm/arm-gnu-toolchain/bin/../lib/gcc/arm-none-eabi/6.3.1/../../../../arm-none-eabi/lib/thumb/v7e-m\libc.a(lib_a-puts.o)
 *fill*         0x00409e4e        0x2 
 .rodata._vfiprintf_r.str1.4
                0x00409e50       0x2f c:/program files (x86)/atmel/studio/7.0/toolchain/arm/arm-gnu-toolchain/bin/../lib/gcc/arm-none-eabi/6.3.1/../../../../arm-none-eabi/lib/thumb/v7e-m\libc.a(lib_a-vfiprintf.o)
 *fill*         0x00409e7f        0x1 
 .rodata.blanks.7217
                0x00409e80       0x10 c:/program files (x86)/atmel/studio/7.0/toolchain/arm/arm-gnu-toolchain/bin/../lib/gcc/arm-none-eabi/6.3.1/../../../../arm-none-eabi/lib/thumb/v7e-m\libc.a(lib_a-vfiprintf.o)
 .rodata.zeroes.7218
                0x00409e90       0x10 c:/program files (x86)/atmel/studio/7.0/toolchain/arm/arm-gnu-toolchain/bin/../lib/gcc/arm-none-eabi/6.3.1/../../../../arm-none-eabi/lib/thumb/v7e-m\libc.a(lib_a-vfiprintf.o)
 .rodata._setlocale_r.str1.4
                0x00409ea0        0xa c:/program files (x86)/atmel/studio/7.0/toolchain/arm/arm-gnu-toolchain/bin/../lib/gcc/arm-none-eabi/6.3.1/../../../../arm-none-eabi/lib/thumb/v7e-m\libc.a(lib_a-locale.o)
                                  0xd (size before relaxing)
 *fill*         0x00409eaa        0x2 
 .rodata.str1.4
                0x00409eac        0x4 c:/program files (x86)/atmel/studio/7.0/toolchain/arm/arm-gnu-toolchain/bin/../lib/gcc/arm-none-eabi/6.3.1/../../../../arm-none-eabi/lib/thumb/v7e-m\libc.a(lib_a-locale.o)
                                  0x2 (size before relaxing)
 .rodata._ctype_
                0x00409eb0      0x101 c:/program files (x86)/atmel/studio/7.0/toolchain/arm/arm-gnu-toolchain/bin/../lib/gcc/arm-none-eabi/6.3.1/../../../../arm-none-eabi/lib/thumb/v7e-m\libc.a(lib_a-ctype_.o)
                0x00409eb0                _ctype_
 *(.ARM.extab* .gnu.linkonce.armextab.*)
                0x00409fb4                . = ALIGN (0x4)
 *fill*         0x00409fb1        0x3 
 *(.init)
 .init          0x00409fb4        0x4 c:/program files (x86)/atmel/studio/7.0/toolchain/arm/arm-gnu-toolchain/bin/../lib/gcc/arm-none-eabi/6.3.1/thumb/v7e-m/crti.o
                0x00409fb4                _init
 .init          0x00409fb8        0x8 c:/program files (x86)/atmel/studio/7.0/toolchain/arm/arm-gnu-toolchain/bin/../lib/gcc/arm-none-eabi/6.3.1/thumb/v7e-m/crtn.o
                0x00409fc0                . = ALIGN (0x4)
                0x00409fc0                __preinit_array_start = .
 *(.preinit_array)
                0x00409fc0                __preinit_array_end = .
                0x00409fc0                . = ALIGN (0x4)
                0x00409fc0                __init_array_start = .
 *(SORT(.init_array.*))
 .init_array.00000
                0x00409fc0        0x4 c:/program files (x86)/atmel/studio/7.0/toolchain/arm/arm-gnu-toolchain/bin/../lib/gcc/arm-none-eabi/6.3.1/../../../../arm-none-eabi/lib/thumb/v7e-m\libc.a(lib_a-__call_atexit.o)
 *(.init_array)
 .init_array    0x00409fc4        0x4 c:/program files (x86)/atmel/studio/7.0/toolchain/arm/arm-gnu-toolchain/bin/../lib/gcc/arm-none-eabi/6.3.1/thumb/v7e-m/crtbegin.o
                0x00409fc8                __init_array_end = .
                0x00409fc8                . = ALIGN (0x4)
 *crtbegin.o(.ctors)
 *(EXCLUDE_FILE(*crtend.o) .ctors)
 *(SORT(.ctors.*))
 *crtend.o(.ctors)
                0x00409fc8                . = ALIGN (0x4)
 *(.fini)
 .fini          0x00409fc8        0x4 c:/program files (x86)/atmel/studio/7.0/toolchain/arm/arm-gnu-toolchain/bin/../lib/gcc/arm-none-eabi/6.3.1/thumb/v7e-m/crti.o
                0x00409fc8                _fini
 .fini          0x00409fcc        0x8 c:/program files (x86)/atmel/studio/7.0/toolchain/arm/arm-gnu-toolchain/bin/../lib/gcc/arm-none-eabi/6.3.1/thumb/v7e-m/crtn.o
                0x00409fd4                . = ALIGN (0x4)
                0x00409fd4                __fini_array_start = .
 *(.fini_array)
 .fini_array    0x00409fd4        0x4 c:/program files (x86)/atmel/studio/7.0/toolchain/arm/arm-gnu-toolchain/bin/../lib/gcc/arm-none-eabi/6.3.1/thumb/v7e-m/crtbegin.o
 *(SORT(.fini_array.*))
                0x00409fd8                __fini_array_end = .
 *crtbegin.o(.dtors)
 *(EXCLUDE_FILE(*crtend.o) .dtors)
 *(SORT(.dtors.*))
 *crtend.o(.dtors)
                0x00409fd8                . = ALIGN (0x4)
                0x00409fd8                _efixed = .
                [!provide]                PROVIDE (__exidx_start, .)

.vfp11_veneer   0x00409fd8        0x0
 .vfp11_veneer  0x00409fd8        0x0 linker stubs

.v4_bx          0x00409fd8        0x0
 .v4_bx         0x00409fd8        0x0 linker stubs

.iplt           0x00409fd8        0x0
 .iplt          0x00409fd8        0x0 c:/program files (x86)/atmel/studio/7.0/toolchain/arm/arm-gnu-toolchain/bin/../lib/gcc/arm-none-eabi/6.3.1/thumb/v7e-m/crtbegin.o

.ARM.exidx      0x00409fd8        0x8
 *(.ARM.exidx* .gnu.linkonce.armexidx.*)
 .ARM.exidx     0x00409fd8        0x8 c:/program files (x86)/atmel/studio/7.0/toolchain/arm/arm-gnu-toolchain/bin/../lib/gcc/arm-none-eabi/6.3.1/thumb/v7e-m\libgcc.a(_udivmoddi4.o)
                [!provide]                PROVIDE (__exidx_end, .)

.eh_frame       0x00409fe0        0x0
 .eh_frame      0x00409fe0        0x0 c:/program files (x86)/atmel/studio/7.0/toolchain/arm/arm-gnu-toolchain/bin/../lib/gcc/arm-none-eabi/6.3.1/thumb/v7e-m/crtbegin.o

.rel.dyn        0x00409fe0        0x0
 .rel.iplt      0x00409fe0        0x0 c:/program files (x86)/atmel/studio/7.0/toolchain/arm/arm-gnu-toolchain/bin/../lib/gcc/arm-none-eabi/6.3.1/thumb/v7e-m/crtbegin.o

.jcr            0x00409fe0        0x0
 .jcr           0x00409fe0        0x0 c:/program files (x86)/atmel/studio/7.0/toolchain/arm/arm-gnu-toolchain/bin/../lib/gcc/arm-none-eabi/6.3.1/thumb/v7e-m/crtbegin.o

.igot.plt       0x00409fe0        0x0
 .igot.plt      0x00409fe0        0x0 c:/program files (x86)/atmel/studio/7.0/toolchain/arm/arm-gnu-toolchain/bin/../lib/gcc/arm-none-eabi/6.3.1/thumb/v7e-m/crtbegin.o
                0x00409fe0                . = ALIGN (0x4)
                0x00409fe0                _etext = .

.relocate       0x20400000      0x9e8 load address 0x00409fe0
                0x20400000                . = ALIGN (0x4)
                0x20400000                _srelocate = .
 *(.ramfunc .ramfunc.*)
 *(.data .data.*)
 .data.uxCriticalNesting
                0x20400000        0x4 src/ASF/thirdparty/freertos/freertos-7.3.0/source/portable/gcc/sam_cm4f/port.o
 .data.xFreeBytesRemaining
                0x20400004        0x4 src/ASF/thirdparty/freertos/freertos-7.3.0/source/portable/memmang/heap_4.o
 .data.xNextTaskUnblockTime
                0x20400008        0x4 src/ASF/thirdparty/freertos/freertos-7.3.0/source/tasks.o
 .data.buffer   0x2040000c       0x18 src/main.o
                0x2040000c                buffer
 .data.saturation_value
                0x20400024        0x4 src/main.o
                0x20400024                saturation_value
 .data.gain_value
                0x20400028        0x4 src/main.o
                0x20400028                gain_value
 .data.lowpass_value
                0x2040002c        0x4 src/main.o
                0x2040002c                lowpass_value
 .data.ground   0x20400030        0x4 src/main.o
                0x20400030                ground
 .data.g_interrupt_enabled
                0x20400034        0x1 src/ASF/common/utils/interrupt/interrupt_sam_nvic.o
                0x20400034                g_interrupt_enabled
 *fill*         0x20400035        0x3 
 .data.SystemCoreClock
                0x20400038        0x4 src/ASF/sam/utils/cmsis/same70/source/templates/system_same70.o
                0x20400038                SystemCoreClock
 .data._impure_ptr
                0x2040003c        0x4 c:/program files (x86)/atmel/studio/7.0/toolchain/arm/arm-gnu-toolchain/bin/../lib/gcc/arm-none-eabi/6.3.1/../../../../arm-none-eabi/lib/thumb/v7e-m\libc.a(lib_a-impure.o)
                0x2040003c                _impure_ptr
 .data.impure_data
                0x20400040      0x428 c:/program files (x86)/atmel/studio/7.0/toolchain/arm/arm-gnu-toolchain/bin/../lib/gcc/arm-none-eabi/6.3.1/../../../../arm-none-eabi/lib/thumb/v7e-m\libc.a(lib_a-impure.o)
 .data.__atexit_recursive_mutex
                0x20400468        0x4 c:/program files (x86)/atmel/studio/7.0/toolchain/arm/arm-gnu-toolchain/bin/../lib/gcc/arm-none-eabi/6.3.1/../../../../arm-none-eabi/lib/thumb/v7e-m\libc.a(lib_a-__call_atexit.o)
                0x20400468                __atexit_recursive_mutex
 .data.__global_locale
                0x2040046c      0x16c c:/program files (x86)/atmel/studio/7.0/toolchain/arm/arm-gnu-toolchain/bin/../lib/gcc/arm-none-eabi/6.3.1/../../../../arm-none-eabi/lib/thumb/v7e-m\libc.a(lib_a-locale.o)
                0x2040046c                __global_locale
 .data.__malloc_av_
                0x204005d8      0x408 c:/program files (x86)/atmel/studio/7.0/toolchain/arm/arm-gnu-toolchain/bin/../lib/gcc/arm-none-eabi/6.3.1/../../../../arm-none-eabi/lib/thumb/v7e-m\libc.a(lib_a-mallocr.o)
                0x204005d8                __malloc_av_
 .data.__malloc_sbrk_base
                0x204009e0        0x4 c:/program files (x86)/atmel/studio/7.0/toolchain/arm/arm-gnu-toolchain/bin/../lib/gcc/arm-none-eabi/6.3.1/../../../../arm-none-eabi/lib/thumb/v7e-m\libc.a(lib_a-mallocr.o)
                0x204009e0                __malloc_sbrk_base
 .data.__malloc_trim_threshold
                0x204009e4        0x4 c:/program files (x86)/atmel/studio/7.0/toolchain/arm/arm-gnu-toolchain/bin/../lib/gcc/arm-none-eabi/6.3.1/../../../../arm-none-eabi/lib/thumb/v7e-m\libc.a(lib_a-mallocr.o)
                0x204009e4                __malloc_trim_threshold
                0x204009e8                . = ALIGN (0x4)
                0x204009e8                _erelocate = .

.bss            0x204009e8    0x21a18 load address 0x0040a9c8
                0x204009e8                . = ALIGN (0x4)
                0x204009e8                _sbss = .
                0x204009e8                _szero = .
 *(.bss .bss.*)
 .bss           0x204009e8       0x1c c:/program files (x86)/atmel/studio/7.0/toolchain/arm/arm-gnu-toolchain/bin/../lib/gcc/arm-none-eabi/6.3.1/thumb/v7e-m/crtbegin.o
 *fill*         0x20400a04        0x4 
 .bss.xHeap     0x20400a08     0xa000 src/ASF/thirdparty/freertos/freertos-7.3.0/source/portable/memmang/heap_4.o
 .bss.xStart    0x2040aa08        0x8 src/ASF/thirdparty/freertos/freertos-7.3.0/source/portable/memmang/heap_4.o
 .bss.pxEnd     0x2040aa10        0x4 src/ASF/thirdparty/freertos/freertos-7.3.0/source/portable/memmang/heap_4.o
 .bss.pxCurrentTCB
                0x2040aa14        0x4 src/ASF/thirdparty/freertos/freertos-7.3.0/source/tasks.o
                0x2040aa14                pxCurrentTCB
 .bss.pxReadyTasksLists
                0x2040aa18       0x64 src/ASF/thirdparty/freertos/freertos-7.3.0/source/tasks.o
 .bss.xDelayedTaskList1
                0x2040aa7c       0x14 src/ASF/thirdparty/freertos/freertos-7.3.0/source/tasks.o
 .bss.xDelayedTaskList2
                0x2040aa90       0x14 src/ASF/thirdparty/freertos/freertos-7.3.0/source/tasks.o
 .bss.pxDelayedTaskList
                0x2040aaa4        0x4 src/ASF/thirdparty/freertos/freertos-7.3.0/source/tasks.o
 .bss.pxOverflowDelayedTaskList
                0x2040aaa8        0x4 src/ASF/thirdparty/freertos/freertos-7.3.0/source/tasks.o
 .bss.xPendingReadyList
                0x2040aaac       0x14 src/ASF/thirdparty/freertos/freertos-7.3.0/source/tasks.o
 .bss.xTasksWaitingTermination
                0x2040aac0       0x14 src/ASF/thirdparty/freertos/freertos-7.3.0/source/tasks.o
 .bss.uxTasksDeleted
                0x2040aad4        0x4 src/ASF/thirdparty/freertos/freertos-7.3.0/source/tasks.o
 .bss.xSuspendedTaskList
                0x2040aad8       0x14 src/ASF/thirdparty/freertos/freertos-7.3.0/source/tasks.o
 .bss.uxCurrentNumberOfTasks
                0x2040aaec        0x4 src/ASF/thirdparty/freertos/freertos-7.3.0/source/tasks.o
 .bss.xTickCount
                0x2040aaf0        0x4 src/ASF/thirdparty/freertos/freertos-7.3.0/source/tasks.o
 .bss.uxTopUsedPriority
                0x2040aaf4        0x4 src/ASF/thirdparty/freertos/freertos-7.3.0/source/tasks.o
 .bss.uxTopReadyPriority
                0x2040aaf8        0x4 src/ASF/thirdparty/freertos/freertos-7.3.0/source/tasks.o
 .bss.xSchedulerRunning
                0x2040aafc        0x4 src/ASF/thirdparty/freertos/freertos-7.3.0/source/tasks.o
 .bss.uxSchedulerSuspended
                0x2040ab00        0x4 src/ASF/thirdparty/freertos/freertos-7.3.0/source/tasks.o
 .bss.uxMissedTicks
                0x2040ab04        0x4 src/ASF/thirdparty/freertos/freertos-7.3.0/source/tasks.o
 .bss.xMissedYield
                0x2040ab08        0x4 src/ASF/thirdparty/freertos/freertos-7.3.0/source/tasks.o
 .bss.xNumOfOverflows
                0x2040ab0c        0x4 src/ASF/thirdparty/freertos/freertos-7.3.0/source/tasks.o
 .bss.uxTaskNumber
                0x2040ab10        0x4 src/ASF/thirdparty/freertos/freertos-7.3.0/source/tasks.o
 .bss.xActiveTimerList1
                0x2040ab14       0x14 src/ASF/thirdparty/freertos/freertos-7.3.0/source/timers.o
 .bss.xActiveTimerList2
                0x2040ab28       0x14 src/ASF/thirdparty/freertos/freertos-7.3.0/source/timers.o
 .bss.pxCurrentTimerList
                0x2040ab3c        0x4 src/ASF/thirdparty/freertos/freertos-7.3.0/source/timers.o
 .bss.pxOverflowTimerList
                0x2040ab40        0x4 src/ASF/thirdparty/freertos/freertos-7.3.0/source/timers.o
 .bss.xTimerQueue
                0x2040ab44        0x4 src/ASF/thirdparty/freertos/freertos-7.3.0/source/timers.o
 .bss.xLastTime.5664
                0x2040ab48        0x4 src/ASF/thirdparty/freertos/freertos-7.3.0/source/timers.o
 .bss.ppbuf_mem_buffer
                0x2040ab4c     0x1f40 src/main.o
                0x2040ab4c                ppbuf_mem_buffer
 .bss.buf       0x2040ca8c        0x4 src/main.o
                0x2040ca8c                buf
 .bss.g_ul_value_old
                0x2040ca90        0x4 src/main.o
                0x2040ca90                g_ul_value_old
 .bss.g_ul_value
                0x2040ca94        0x4 src/main.o
                0x2040ca94                g_ul_value
 .bss.count     0x2040ca98        0x4 src/main.o
                0x2040ca98                count
 .bss.reverb_on
                0x2040ca9c        0x1 src/main.o
                0x2040ca9c                reverb_on
 .bss.echo_on   0x2040ca9d        0x1 src/main.o
                0x2040ca9d                echo_on
 .bss.gain_on   0x2040ca9e        0x1 src/main.o
                0x2040ca9e                gain_on
 .bss.sat_on    0x2040ca9f        0x1 src/main.o
                0x2040ca9f                sat_on
 .bss.lowpass_on
                0x2040caa0        0x1 src/main.o
                0x2040caa0                lowpass_on
 *fill*         0x2040caa1        0x3 
 .bss.gs_interrupt_sources
                0x2040caa4       0x70 src/ASF/sam/drivers/pio/pio_handler.o
 .bss.gs_ul_nb_sources
                0x2040cb14        0x4 src/ASF/sam/drivers/pio/pio_handler.o
 .bss.ul_reg_val.9325
                0x2040cb18        0x4 src/ASF/sam/drivers/usart/usart.o
 .bss.heap.6420
                0x2040cb1c        0x4 src/ASF/sam/utils/syscalls/gcc/syscalls.o
 .bss.__malloc_current_mallinfo
                0x2040cb20       0x28 c:/program files (x86)/atmel/studio/7.0/toolchain/arm/arm-gnu-toolchain/bin/../lib/gcc/arm-none-eabi/6.3.1/../../../../arm-none-eabi/lib/thumb/v7e-m\libc.a(lib_a-mallocr.o)
                0x2040cb20                __malloc_current_mallinfo
 .bss.__malloc_max_sbrked_mem
                0x2040cb48        0x4 c:/program files (x86)/atmel/studio/7.0/toolchain/arm/arm-gnu-toolchain/bin/../lib/gcc/arm-none-eabi/6.3.1/../../../../arm-none-eabi/lib/thumb/v7e-m\libc.a(lib_a-mallocr.o)
                0x2040cb48                __malloc_max_sbrked_mem
 .bss.__malloc_max_total_mem
                0x2040cb4c        0x4 c:/program files (x86)/atmel/studio/7.0/toolchain/arm/arm-gnu-toolchain/bin/../lib/gcc/arm-none-eabi/6.3.1/../../../../arm-none-eabi/lib/thumb/v7e-m\libc.a(lib_a-mallocr.o)
                0x2040cb4c                __malloc_max_total_mem
 .bss.__malloc_top_pad
                0x2040cb50        0x4 c:/program files (x86)/atmel/studio/7.0/toolchain/arm/arm-gnu-toolchain/bin/../lib/gcc/arm-none-eabi/6.3.1/../../../../arm-none-eabi/lib/thumb/v7e-m\libc.a(lib_a-mallocr.o)
                0x2040cb50                __malloc_top_pad
 *(COMMON)
 COMMON         0x2040cb54    0x157f0 src/main.o
                0x2040cb54                xQueueGain
                0x2040cb58                old_buffer
                0x20422320                xQueueLowpass
                0x20422324                temp
                0x20422328                xQueueSaturation
                0x2042232c                xSemaphoreReverb
                0x20422330                xQueueEffects
                0x20422334                xSemaphoreSat
                0x20422338                xSemaphoreEcho
                0x2042233c                xSemaphoreGain
                0x20422340                xSemaphoreLowpass
 COMMON         0x20422344        0x6 src/ASF/common/services/sleepmgr/sam/sleepmgr.o
                0x20422344                sleepmgr_locks
 *fill*         0x2042234a        0x2 
 COMMON         0x2042234c        0x4 src/ASF/common/utils/stdio/read.o
                0x2042234c                ptr_get
 COMMON         0x20422350        0x8 src/ASF/common/utils/stdio/write.o
                0x20422350                ptr_put
                0x20422354                stdio_base
 COMMON         0x20422358       0x80 src/ASF/sam/drivers/afec/afec.o
                0x20422358                afec_callback_pointer
 COMMON         0x204223d8       0x21 c:/program files (x86)/atmel/studio/7.0/toolchain/arm/arm-gnu-toolchain/bin/../lib/gcc/arm-none-eabi/6.3.1/../../../../arm-none-eabi/lib/thumb/v7e-m\libc.a(lib_a-lock.o)
                0x204223d8                __lock___atexit_recursive_mutex
                0x204223dc                __lock___arc4random_mutex
                0x204223e0                __lock___env_recursive_mutex
                0x204223e4                __lock___sinit_recursive_mutex
                0x204223e8                __lock___malloc_recursive_mutex
                0x204223ec                __lock___at_quick_exit_mutex
                0x204223f0                __lock___dd_hash_mutex
                0x204223f4                __lock___tz_mutex
                0x204223f8                __lock___sfp_recursive_mutex
 *fill*         0x204223f9        0x3 
 COMMON         0x204223fc        0x4 c:/program files (x86)/atmel/studio/7.0/toolchain/arm/arm-gnu-toolchain/bin/../lib/gcc/arm-none-eabi/6.3.1/../../../../arm-none-eabi/lib/thumb/v7e-m\libc.a(lib_a-reent.o)
                0x204223fc                errno
                0x20422400                . = ALIGN (0x4)
                0x20422400                _ebss = .
                0x20422400                _ezero = .

.stack          0x20422400     0x2000 load address 0x0042c3e0
                0x20422400                . = ALIGN (0x8)
                0x20422400                _sstack = .
                0x20424400                . = (. + STACK_SIZE)
 *fill*         0x20422400     0x2000 
                0x20424400                . = ALIGN (0x8)
                0x20424400                _estack = .

.heap           0x20424400      0x200 load address 0x0042e3e0
                0x20424400                . = ALIGN (0x8)
                0x20424400                _sheap = .
                0x20424600                . = (. + HEAP_SIZE)
 *fill*         0x20424400      0x200 
                0x20424600                . = ALIGN (0x8)
                0x20424600                _eheap = .
                0x20424600                . = ALIGN (0x4)
                0x20424600                _end = .
                0x2045ffff                _ram_end_ = ((ORIGIN (ram) + LENGTH (ram)) - 0x1)
OUTPUT(ADC.elf elf32-littlearm)

.ARM.attributes
                0x00000000       0x2e
 .ARM.attributes
                0x00000000       0x1e c:/program files (x86)/atmel/studio/7.0/toolchain/arm/arm-gnu-toolchain/bin/../lib/gcc/arm-none-eabi/6.3.1/thumb/v7e-m/crti.o
 .ARM.attributes
                0x0000001e       0x2e c:/program files (x86)/atmel/studio/7.0/toolchain/arm/arm-gnu-toolchain/bin/../lib/gcc/arm-none-eabi/6.3.1/thumb/v7e-m/crtbegin.o
 .ARM.attributes
                0x0000004c       0x37 src/ASF/sam/drivers/dacc/dacc.o
 .ARM.attributes
                0x00000083       0x37 src/ASF/thirdparty/freertos/freertos-7.3.0/source/list.o
 .ARM.attributes
                0x000000ba       0x37 src/ASF/thirdparty/freertos/freertos-7.3.0/source/portable/gcc/sam_cm4f/port.o
 .ARM.attributes
                0x000000f1       0x37 src/ASF/thirdparty/freertos/freertos-7.3.0/source/portable/memmang/heap_4.o
 .ARM.attributes
                0x00000128       0x37 src/ASF/thirdparty/freertos/freertos-7.3.0/source/queue.o
 .ARM.attributes
                0x0000015f       0x37 src/ASF/thirdparty/freertos/freertos-7.3.0/source/tasks.o
 .ARM.attributes
                0x00000196       0x37 src/ASF/thirdparty/freertos/freertos-7.3.0/source/timers.o
 .ARM.attributes
                0x000001cd       0x37 src/ping_pong_buffer.o
 .ARM.attributes
                0x00000204       0x37 src/main.o
 .ARM.attributes
                0x0000023b       0x37 src/ASF/sam/drivers/tc/tc.o
 .ARM.attributes
                0x00000272       0x37 src/ASF/common/services/clock/same70/sysclk.o
 .ARM.attributes
                0x000002a9       0x37 src/ASF/common/services/sleepmgr/sam/sleepmgr.o
 .ARM.attributes
                0x000002e0       0x37 src/ASF/common/utils/interrupt/interrupt_sam_nvic.o
 .ARM.attributes
                0x00000317       0x37 src/ASF/common/utils/stdio/read.o
 .ARM.attributes
                0x0000034e       0x37 src/ASF/common/utils/stdio/write.o
 .ARM.attributes
                0x00000385       0x37 src/ASF/sam/boards/same70_xplained/init.o
 .ARM.attributes
                0x000003bc       0x37 src/ASF/sam/drivers/afec/afec.o
 .ARM.attributes
                0x000003f3       0x37 src/ASF/sam/drivers/pio/pio.o
 .ARM.attributes
                0x0000042a       0x37 src/ASF/sam/drivers/pio/pio_handler.o
 .ARM.attributes
                0x00000461       0x37 src/ASF/sam/drivers/pmc/pmc.o
 .ARM.attributes
                0x00000498       0x37 src/ASF/sam/drivers/uart/uart.o
 .ARM.attributes
                0x000004cf       0x37 src/ASF/sam/drivers/usart/usart.o
 .ARM.attributes
                0x00000506       0x37 src/ASF/sam/utils/cmsis/same70/source/templates/gcc/startup_same70.o
 .ARM.attributes
                0x0000053d       0x37 src/ASF/sam/utils/cmsis/same70/source/templates/system_same70.o
 .ARM.attributes
                0x00000574       0x37 src/ASF/sam/utils/syscalls/gcc/syscalls.o
 .ARM.attributes
                0x000005ab       0x1e c:/program files (x86)/atmel/studio/7.0/toolchain/arm/arm-gnu-toolchain/bin/../lib/gcc/arm-none-eabi/6.3.1/thumb/v7e-m\libgcc.a(_arm_addsubdf3.o)
 .ARM.attributes
                0x000005c9       0x1e c:/program files (x86)/atmel/studio/7.0/toolchain/arm/arm-gnu-toolchain/bin/../lib/gcc/arm-none-eabi/6.3.1/thumb/v7e-m\libgcc.a(_arm_muldivdf3.o)
 .ARM.attributes
                0x000005e7       0x1e c:/program files (x86)/atmel/studio/7.0/toolchain/arm/arm-gnu-toolchain/bin/../lib/gcc/arm-none-eabi/6.3.1/thumb/v7e-m\libgcc.a(_arm_fixdfsi.o)
 .ARM.attributes
                0x00000605       0x2e c:/program files (x86)/atmel/studio/7.0/toolchain/arm/arm-gnu-toolchain/bin/../lib/gcc/arm-none-eabi/6.3.1/../../../../arm-none-eabi/lib/thumb/v7e-m\libc.a(lib_a-impure.o)
 .ARM.attributes
                0x00000633       0x2e c:/program files (x86)/atmel/studio/7.0/toolchain/arm/arm-gnu-toolchain/bin/../lib/gcc/arm-none-eabi/6.3.1/../../../../arm-none-eabi/lib/thumb/v7e-m\libc.a(lib_a-init.o)
 .ARM.attributes
                0x00000661       0x2e c:/program files (x86)/atmel/studio/7.0/toolchain/arm/arm-gnu-toolchain/bin/../lib/gcc/arm-none-eabi/6.3.1/../../../../arm-none-eabi/lib/thumb/v7e-m\libc.a(lib_a-iprintf.o)
 .ARM.attributes
                0x0000068f       0x1c c:/program files (x86)/atmel/studio/7.0/toolchain/arm/arm-gnu-toolchain/bin/../lib/gcc/arm-none-eabi/6.3.1/../../../../arm-none-eabi/lib/thumb/v7e-m\libc.a(lib_a-memcpy.o)
 .ARM.attributes
                0x000006ab       0x2e c:/program files (x86)/atmel/studio/7.0/toolchain/arm/arm-gnu-toolchain/bin/../lib/gcc/arm-none-eabi/6.3.1/../../../../arm-none-eabi/lib/thumb/v7e-m\libc.a(lib_a-memset.o)
 .ARM.attributes
                0x000006d9       0x2e c:/program files (x86)/atmel/studio/7.0/toolchain/arm/arm-gnu-toolchain/bin/../lib/gcc/arm-none-eabi/6.3.1/../../../../arm-none-eabi/lib/thumb/v7e-m\libc.a(lib_a-puts.o)
 .ARM.attributes
                0x00000707       0x2e c:/program files (x86)/atmel/studio/7.0/toolchain/arm/arm-gnu-toolchain/bin/../lib/gcc/arm-none-eabi/6.3.1/../../../../arm-none-eabi/lib/thumb/v7e-m\libc.a(lib_a-setbuf.o)
 .ARM.attributes
                0x00000735       0x2e c:/program files (x86)/atmel/studio/7.0/toolchain/arm/arm-gnu-toolchain/bin/../lib/gcc/arm-none-eabi/6.3.1/../../../../arm-none-eabi/lib/thumb/v7e-m\libc.a(lib_a-setvbuf.o)
 .ARM.attributes
                0x00000763       0x1c c:/program files (x86)/atmel/studio/7.0/toolchain/arm/arm-gnu-toolchain/bin/../lib/gcc/arm-none-eabi/6.3.1/../../../../arm-none-eabi/lib/thumb/v7e-m\libc.a(lib_a-strlen.o)
 .ARM.attributes
                0x0000077f       0x2e c:/program files (x86)/atmel/studio/7.0/toolchain/arm/arm-gnu-toolchain/bin/../lib/gcc/arm-none-eabi/6.3.1/../../../../arm-none-eabi/lib/thumb/v7e-m\libc.a(lib_a-strncpy.o)
 .ARM.attributes
                0x000007ad       0x2e c:/program files (x86)/atmel/studio/7.0/toolchain/arm/arm-gnu-toolchain/bin/../lib/gcc/arm-none-eabi/6.3.1/../../../../arm-none-eabi/lib/thumb/v7e-m\libc.a(lib_a-vfiprintf.o)
 .ARM.attributes
                0x000007db       0x2e c:/program files (x86)/atmel/studio/7.0/toolchain/arm/arm-gnu-toolchain/bin/../lib/gcc/arm-none-eabi/6.3.1/../../../../arm-none-eabi/lib/thumb/v7e-m\libc.a(lib_a-wsetup.o)
 .ARM.attributes
                0x00000809       0x2e c:/program files (x86)/atmel/studio/7.0/toolchain/arm/arm-gnu-toolchain/bin/../lib/gcc/arm-none-eabi/6.3.1/../../../../arm-none-eabi/lib/thumb/v7e-m\libc.a(lib_a-__call_atexit.o)
 .ARM.attributes
                0x00000837       0x2e c:/program files (x86)/atmel/studio/7.0/toolchain/arm/arm-gnu-toolchain/bin/../lib/gcc/arm-none-eabi/6.3.1/../../../../arm-none-eabi/lib/thumb/v7e-m\libc.a(lib_a-atexit.o)
 .ARM.attributes
                0x00000865       0x2e c:/program files (x86)/atmel/studio/7.0/toolchain/arm/arm-gnu-toolchain/bin/../lib/gcc/arm-none-eabi/6.3.1/../../../../arm-none-eabi/lib/thumb/v7e-m\libc.a(lib_a-fflush.o)
 .ARM.attributes
                0x00000893       0x2e c:/program files (x86)/atmel/studio/7.0/toolchain/arm/arm-gnu-toolchain/bin/../lib/gcc/arm-none-eabi/6.3.1/../../../../arm-none-eabi/lib/thumb/v7e-m\libc.a(lib_a-findfp.o)
 .ARM.attributes
                0x000008c1       0x2e c:/program files (x86)/atmel/studio/7.0/toolchain/arm/arm-gnu-toolchain/bin/../lib/gcc/arm-none-eabi/6.3.1/../../../../arm-none-eabi/lib/thumb/v7e-m\libc.a(lib_a-fini.o)
 .ARM.attributes
                0x000008ef       0x2e c:/program files (x86)/atmel/studio/7.0/toolchain/arm/arm-gnu-toolchain/bin/../lib/gcc/arm-none-eabi/6.3.1/../../../../arm-none-eabi/lib/thumb/v7e-m\libc.a(lib_a-fputwc.o)
 .ARM.attributes
                0x0000091d       0x2e c:/program files (x86)/atmel/studio/7.0/toolchain/arm/arm-gnu-toolchain/bin/../lib/gcc/arm-none-eabi/6.3.1/../../../../arm-none-eabi/lib/thumb/v7e-m\libc.a(lib_a-freer.o)
 .ARM.attributes
                0x0000094b       0x2e c:/program files (x86)/atmel/studio/7.0/toolchain/arm/arm-gnu-toolchain/bin/../lib/gcc/arm-none-eabi/6.3.1/../../../../arm-none-eabi/lib/thumb/v7e-m\libc.a(lib_a-fvwrite.o)
 .ARM.attributes
                0x00000979       0x2e c:/program files (x86)/atmel/studio/7.0/toolchain/arm/arm-gnu-toolchain/bin/../lib/gcc/arm-none-eabi/6.3.1/../../../../arm-none-eabi/lib/thumb/v7e-m\libc.a(lib_a-fwalk.o)
 .ARM.attributes
                0x000009a7       0x2e c:/program files (x86)/atmel/studio/7.0/toolchain/arm/arm-gnu-toolchain/bin/../lib/gcc/arm-none-eabi/6.3.1/../../../../arm-none-eabi/lib/thumb/v7e-m\libc.a(lib_a-locale.o)
 .ARM.attributes
                0x000009d5       0x2e c:/program files (x86)/atmel/studio/7.0/toolchain/arm/arm-gnu-toolchain/bin/../lib/gcc/arm-none-eabi/6.3.1/../../../../arm-none-eabi/lib/thumb/v7e-m\libc.a(lib_a-lock.o)
 .ARM.attributes
                0x00000a03       0x2e c:/program files (x86)/atmel/studio/7.0/toolchain/arm/arm-gnu-toolchain/bin/../lib/gcc/arm-none-eabi/6.3.1/../../../../arm-none-eabi/lib/thumb/v7e-m\libc.a(lib_a-makebuf.o)
 .ARM.attributes
                0x00000a31       0x2e c:/program files (x86)/atmel/studio/7.0/toolchain/arm/arm-gnu-toolchain/bin/../lib/gcc/arm-none-eabi/6.3.1/../../../../arm-none-eabi/lib/thumb/v7e-m\libc.a(lib_a-malloc.o)
 .ARM.attributes
                0x00000a5f       0x2e c:/program files (x86)/atmel/studio/7.0/toolchain/arm/arm-gnu-toolchain/bin/../lib/gcc/arm-none-eabi/6.3.1/../../../../arm-none-eabi/lib/thumb/v7e-m\libc.a(lib_a-mallocr.o)
 .ARM.attributes
                0x00000a8d       0x2e c:/program files (x86)/atmel/studio/7.0/toolchain/arm/arm-gnu-toolchain/bin/../lib/gcc/arm-none-eabi/6.3.1/../../../../arm-none-eabi/lib/thumb/v7e-m\libc.a(lib_a-mbtowc_r.o)
 .ARM.attributes
                0x00000abb       0x1c c:/program files (x86)/atmel/studio/7.0/toolchain/arm/arm-gnu-toolchain/bin/../lib/gcc/arm-none-eabi/6.3.1/../../../../arm-none-eabi/lib/thumb/v7e-m\libc.a(lib_a-memchr.o)
 .ARM.attributes
                0x00000ad7       0x2e c:/program files (x86)/atmel/studio/7.0/toolchain/arm/arm-gnu-toolchain/bin/../lib/gcc/arm-none-eabi/6.3.1/../../../../arm-none-eabi/lib/thumb/v7e-m\libc.a(lib_a-memmove.o)
 .ARM.attributes
                0x00000b05       0x2e c:/program files (x86)/atmel/studio/7.0/toolchain/arm/arm-gnu-toolchain/bin/../lib/gcc/arm-none-eabi/6.3.1/../../../../arm-none-eabi/lib/thumb/v7e-m\libc.a(lib_a-mlock.o)
 .ARM.attributes
                0x00000b33       0x2e c:/program files (x86)/atmel/studio/7.0/toolchain/arm/arm-gnu-toolchain/bin/../lib/gcc/arm-none-eabi/6.3.1/../../../../arm-none-eabi/lib/thumb/v7e-m\libc.a(lib_a-reallocr.o)
 .ARM.attributes
                0x00000b61       0x2e c:/program files (x86)/atmel/studio/7.0/toolchain/arm/arm-gnu-toolchain/bin/../lib/gcc/arm-none-eabi/6.3.1/../../../../arm-none-eabi/lib/thumb/v7e-m\libc.a(lib_a-sbrkr.o)
 .ARM.attributes
                0x00000b8f       0x2e c:/program files (x86)/atmel/studio/7.0/toolchain/arm/arm-gnu-toolchain/bin/../lib/gcc/arm-none-eabi/6.3.1/../../../../arm-none-eabi/lib/thumb/v7e-m\libc.a(lib_a-stdio.o)
 .ARM.attributes
                0x00000bbd       0x2e c:/program files (x86)/atmel/studio/7.0/toolchain/arm/arm-gnu-toolchain/bin/../lib/gcc/arm-none-eabi/6.3.1/../../../../arm-none-eabi/lib/thumb/v7e-m\libc.a(lib_a-wbuf.o)
 .ARM.attributes
                0x00000beb       0x2e c:/program files (x86)/atmel/studio/7.0/toolchain/arm/arm-gnu-toolchain/bin/../lib/gcc/arm-none-eabi/6.3.1/../../../../arm-none-eabi/lib/thumb/v7e-m\libc.a(lib_a-wcrtomb.o)
 .ARM.attributes
                0x00000c19       0x2e c:/program files (x86)/atmel/studio/7.0/toolchain/arm/arm-gnu-toolchain/bin/../lib/gcc/arm-none-eabi/6.3.1/../../../../arm-none-eabi/lib/thumb/v7e-m\libc.a(lib_a-wctomb_r.o)
 .ARM.attributes
                0x00000c47       0x2e c:/program files (x86)/atmel/studio/7.0/toolchain/arm/arm-gnu-toolchain/bin/../lib/gcc/arm-none-eabi/6.3.1/../../../../arm-none-eabi/lib/thumb/v7e-m\libc.a(lib_a-writer.o)
 .ARM.attributes
                0x00000c75       0x2e c:/program files (x86)/atmel/studio/7.0/toolchain/arm/arm-gnu-toolchain/bin/../lib/gcc/arm-none-eabi/6.3.1/../../../../arm-none-eabi/lib/thumb/v7e-m\libc.a(lib_a-__atexit.o)
 .ARM.attributes
                0x00000ca3       0x2e c:/program files (x86)/atmel/studio/7.0/toolchain/arm/arm-gnu-toolchain/bin/../lib/gcc/arm-none-eabi/6.3.1/../../../../arm-none-eabi/lib/thumb/v7e-m\libc.a(lib_a-closer.o)
 .ARM.attributes
                0x00000cd1       0x2e c:/program files (x86)/atmel/studio/7.0/toolchain/arm/arm-gnu-toolchain/bin/../lib/gcc/arm-none-eabi/6.3.1/../../../../arm-none-eabi/lib/thumb/v7e-m\libc.a(lib_a-ctype_.o)
 .ARM.attributes
                0x00000cff       0x2e c:/program files (x86)/atmel/studio/7.0/toolchain/arm/arm-gnu-toolchain/bin/../lib/gcc/arm-none-eabi/6.3.1/../../../../arm-none-eabi/lib/thumb/v7e-m\libc.a(lib_a-fclose.o)
 .ARM.attributes
                0x00000d2d       0x2e c:/program files (x86)/atmel/studio/7.0/toolchain/arm/arm-gnu-toolchain/bin/../lib/gcc/arm-none-eabi/6.3.1/../../../../arm-none-eabi/lib/thumb/v7e-m\libc.a(lib_a-fstatr.o)
 .ARM.attributes
                0x00000d5b       0x2e c:/program files (x86)/atmel/studio/7.0/toolchain/arm/arm-gnu-toolchain/bin/../lib/gcc/arm-none-eabi/6.3.1/../../../../arm-none-eabi/lib/thumb/v7e-m\libc.a(lib_a-isattyr.o)
 .ARM.attributes
                0x00000d89       0x2e c:/program files (x86)/atmel/studio/7.0/toolchain/arm/arm-gnu-toolchain/bin/../lib/gcc/arm-none-eabi/6.3.1/../../../../arm-none-eabi/lib/thumb/v7e-m\libc.a(lib_a-lseekr.o)
 .ARM.attributes
                0x00000db7       0x2e c:/program files (x86)/atmel/studio/7.0/toolchain/arm/arm-gnu-toolchain/bin/../lib/gcc/arm-none-eabi/6.3.1/../../../../arm-none-eabi/lib/thumb/v7e-m\libc.a(lib_a-readr.o)
 .ARM.attributes
                0x00000de5       0x2e c:/program files (x86)/atmel/studio/7.0/toolchain/arm/arm-gnu-toolchain/bin/../lib/gcc/arm-none-eabi/6.3.1/../../../../arm-none-eabi/lib/thumb/v7e-m\libc.a(lib_a-reent.o)
 .ARM.attributes